Archive member included to satisfy reference by file (symbol)

c:/program files (x86)/atollic/truestudio for arm 6.0.0/armtools/bin/../lib/gcc/arm-atollic-eabi/5.3.1/../../../../arm-atollic-eabi/lib/armv7e-m/fpu\libc.a(lib_a-init.o)
                              Drivers\CMSIS\Device\ST\STM32F4xx\Source\Templates\gcc\startup_stm32f446xx.o (__libc_init_array)
c:/program files (x86)/atollic/truestudio for arm 6.0.0/armtools/bin/../lib/gcc/arm-atollic-eabi/5.3.1/../../../../arm-atollic-eabi/lib/armv7e-m/fpu\libc.a(lib_a-memcpy-stub.o)
                              Src\sd_card.o (memcpy)
c:/program files (x86)/atollic/truestudio for arm 6.0.0/armtools/bin/../lib/gcc/arm-atollic-eabi/5.3.1/../../../../arm-atollic-eabi/lib/armv7e-m/fpu\libc.a(lib_a-memset.o)
                              Drivers\STM32F4xx_HAL_Driver\Src\stm32f4xx_hal_sd.o (memset)
c:/program files (x86)/atollic/truestudio for arm 6.0.0/armtools/bin/../lib/gcc/arm-atollic-eabi/5.3.1/../../../../arm-atollic-eabi/lib/armv7e-m/fpu\libc.a(lib_a-strcat.o)
                              Src\main.o (strcat)
c:/program files (x86)/atollic/truestudio for arm 6.0.0/armtools/bin/../lib/gcc/arm-atollic-eabi/5.3.1/../../../../arm-atollic-eabi/lib/armv7e-m/fpu\libc.a(lib_a-strcmp.o)
                              Src\auth.o (strcmp)
c:/program files (x86)/atollic/truestudio for arm 6.0.0/armtools/bin/../lib/gcc/arm-atollic-eabi/5.3.1/../../../../arm-atollic-eabi/lib/armv7e-m/fpu\libc.a(lib_a-strcpy.o)
                              Src\my_string.o (strcpy)
c:/program files (x86)/atollic/truestudio for arm 6.0.0/armtools/bin/../lib/gcc/arm-atollic-eabi/5.3.1/../../../../arm-atollic-eabi/lib/armv7e-m/fpu\libc.a(lib_a-strlen.o)
                              Src\display.o (strlen)

Allocating common symbols
Common symbol       size              file

retSD               0x1               Src\fatfs.o
hi2c1               0x54              Src\i2c.o
uwTick              0x4               Drivers\STM32F4xx_HAL_Driver\Src\stm32f4xx_hal.o
pFlash              0x20              Drivers\STM32F4xx_HAL_Driver\Src\stm32f4xx_hal_flash.o
SDCardInfo          0x58              Src\sdio.o
htim13              0x3c              Src\tim.o
SD_Path             0x4               Src\fatfs.o
hsd                 0x60              Src\sdio.o

Discarded input sections

 .text          0x00000000        0x0 c:/program files (x86)/atollic/truestudio for arm 6.0.0/armtools/bin/../lib/gcc/arm-atollic-eabi/5.3.1/armv7e-m/fpu/crti.o
 .data          0x00000000        0x0 c:/program files (x86)/atollic/truestudio for arm 6.0.0/armtools/bin/../lib/gcc/arm-atollic-eabi/5.3.1/armv7e-m/fpu/crti.o
 .bss           0x00000000        0x0 c:/program files (x86)/atollic/truestudio for arm 6.0.0/armtools/bin/../lib/gcc/arm-atollic-eabi/5.3.1/armv7e-m/fpu/crti.o
 .data          0x00000000        0x4 c:/program files (x86)/atollic/truestudio for arm 6.0.0/armtools/bin/../lib/gcc/arm-atollic-eabi/5.3.1/armv7e-m/fpu/crtbegin.o
 .text          0x00000000       0x14 Drivers\CMSIS\Device\ST\STM32F4xx\Source\Templates\gcc\startup_stm32f446xx.o
 .data          0x00000000        0x0 Drivers\CMSIS\Device\ST\STM32F4xx\Source\Templates\gcc\startup_stm32f446xx.o
 .bss           0x00000000        0x0 Drivers\CMSIS\Device\ST\STM32F4xx\Source\Templates\gcc\startup_stm32f446xx.o
 .text          0x00000000        0x0 Drivers\CMSIS\Device\ST\STM32F4xx\Source\Templates\system_stm32f4xx.o
 .data          0x00000000        0x0 Drivers\CMSIS\Device\ST\STM32F4xx\Source\Templates\system_stm32f4xx.o
 .bss           0x00000000        0x0 Drivers\CMSIS\Device\ST\STM32F4xx\Source\Templates\system_stm32f4xx.o
 .text.SystemCoreClockUpdate
                0x00000000       0x74 Drivers\CMSIS\Device\ST\STM32F4xx\Source\Templates\system_stm32f4xx.o
 .rodata.AHBPrescTable
                0x00000000       0x10 Drivers\CMSIS\Device\ST\STM32F4xx\Source\Templates\system_stm32f4xx.o
 .text          0x00000000        0x0 Drivers\STM32F4xx_HAL_Driver\Src\stm32f4xx_hal.o
 .data          0x00000000        0x0 Drivers\STM32F4xx_HAL_Driver\Src\stm32f4xx_hal.o
 .bss           0x00000000        0x0 Drivers\STM32F4xx_HAL_Driver\Src\stm32f4xx_hal.o
 .text.HAL_MspInit
                0x00000000        0x2 Drivers\STM32F4xx_HAL_Driver\Src\stm32f4xx_hal.o
 .text.HAL_MspDeInit
                0x00000000        0x2 Drivers\STM32F4xx_HAL_Driver\Src\stm32f4xx_hal.o
 .text.HAL_DeInit
                0x00000000       0x2c Drivers\STM32F4xx_HAL_Driver\Src\stm32f4xx_hal.o
 .text.HAL_SuspendTick
                0x00000000       0x10 Drivers\STM32F4xx_HAL_Driver\Src\stm32f4xx_hal.o
 .text.HAL_ResumeTick
                0x00000000       0x10 Drivers\STM32F4xx_HAL_Driver\Src\stm32f4xx_hal.o
 .text.HAL_GetHalVersion
                0x00000000        0x8 Drivers\STM32F4xx_HAL_Driver\Src\stm32f4xx_hal.o
 .text.HAL_GetREVID
                0x00000000        0xc Drivers\STM32F4xx_HAL_Driver\Src\stm32f4xx_hal.o
[...]
Memory Configuration

Name             Origin             Length             Attributes
RAM              0x20000000         0x00020000         xrw
FLASH            0x08000000         0x00080000         xr
*default*        0x00000000         0xffffffff

Linker script and memory map

LOAD c:/program files (x86)/atollic/truestudio for arm 6.0.0/armtools/bin/../lib/gcc/arm-atollic-eabi/5.3.1/armv7e-m/fpu/crti.o
LOAD c:/program files (x86)/atollic/truestudio for arm 6.0.0/armtools/bin/../lib/gcc/arm-atollic-eabi/5.3.1/armv7e-m/fpu/crtbegin.o
LOAD Drivers\CMSIS\Device\ST\STM32F4xx\Source\Templates\gcc\startup_stm32f446xx.o
LOAD Drivers\CMSIS\Device\ST\STM32F4xx\Source\Templates\system_stm32f4xx.o
LOAD Drivers\STM32F4xx_HAL_Driver\Src\stm32f4xx_hal.o
LOAD Drivers\STM32F4xx_HAL_Driver\Src\stm32f4xx_hal_cortex.o
LOAD Drivers\STM32F4xx_HAL_Driver\Src\stm32f4xx_hal_dma.o
LOAD Drivers\STM32F4xx_HAL_Driver\Src\stm32f4xx_hal_dma_ex.o
LOAD Drivers\STM32F4xx_HAL_Driver\Src\stm32f4xx_hal_flash.o
LOAD Drivers\STM32F4xx_HAL_Driver\Src\stm32f4xx_hal_flash_ex.o
LOAD Drivers\STM32F4xx_HAL_Driver\Src\stm32f4xx_hal_flash_ramfunc.o
LOAD Drivers\STM32F4xx_HAL_Driver\Src\stm32f4xx_hal_gpio.o
LOAD Drivers\STM32F4xx_HAL_Driver\Src\stm32f4xx_hal_i2c.o
LOAD Drivers\STM32F4xx_HAL_Driver\Src\stm32f4xx_hal_i2c_ex.o
LOAD Drivers\STM32F4xx_HAL_Driver\Src\stm32f4xx_hal_pwr.o
LOAD Drivers\STM32F4xx_HAL_Driver\Src\stm32f4xx_hal_pwr_ex.o
LOAD Drivers\STM32F4xx_HAL_Driver\Src\stm32f4xx_hal_rcc.o
LOAD Drivers\STM32F4xx_HAL_Driver\Src\stm32f4xx_hal_rcc_ex.o
LOAD Drivers\STM32F4xx_HAL_Driver\Src\stm32f4xx_hal_sd.o
LOAD Drivers\STM32F4xx_HAL_Driver\Src\stm32f4xx_hal_tim.o
LOAD Drivers\STM32F4xx_HAL_Driver\Src\stm32f4xx_hal_tim_ex.o
LOAD Drivers\STM32F4xx_HAL_Driver\Src\stm32f4xx_ll_sdmmc.o
LOAD Middlewares\Third_Party\FatFs\src\diskio.o
LOAD Middlewares\Third_Party\FatFs\src\drivers\sd_diskio.o
LOAD Middlewares\Third_Party\FatFs\src\ff.o
LOAD Middlewares\Third_Party\FatFs\src\ff_gen_drv.o
LOAD Middlewares\Third_Party\FatFs\src\option\syscall.o
LOAD Src\auth.o
LOAD Src\bsp_driver_sd.o
LOAD Src\display.o
LOAD Src\fatfs.o
LOAD Src\gpio.o
LOAD Src\i2c.o
LOAD Src\keyboard.o
LOAD Src\main.o
LOAD Src\my_buzz.o
LOAD Src\my_string.o
LOAD Src\sd_card.o
LOAD Src\sdio.o
LOAD Src\stm32f4xx_hal_msp.o
LOAD Src\stm32f4xx_it.o
LOAD Src\tim.o
START GROUP
LOAD c:/program files (x86)/atollic/truestudio for arm 6.0.0/armtools/bin/../lib/gcc/arm-atollic-eabi/5.3.1/../../../../arm-atollic-eabi/lib/armv7e-m/fpu\libc.a
LOAD c:/program files (x86)/atollic/truestudio for arm 6.0.0/armtools/bin/../lib/gcc/arm-atollic-eabi/5.3.1/../../../../arm-atollic-eabi/lib/armv7e-m/fpu\libm.a
END GROUP
                0x00000080                malloc_getpagesize_P = 0x80
START GROUP
LOAD c:/program files (x86)/atollic/truestudio for arm 6.0.0/armtools/bin/../lib/gcc/arm-atollic-eabi/5.3.1/armv7e-m/fpu\libgcc.a
LOAD c:/program files (x86)/atollic/truestudio for arm 6.0.0/armtools/bin/../lib/gcc/arm-atollic-eabi/5.3.1/../../../../arm-atollic-eabi/lib/armv7e-m/fpu\libc.a
END GROUP
START GROUP
LOAD c:/program files (x86)/atollic/truestudio for arm 6.0.0/armtools/bin/../lib/gcc/arm-atollic-eabi/5.3.1/armv7e-m/fpu\libgcc.a
LOAD c:/program files (x86)/atollic/truestudio for arm 6.0.0/armtools/bin/../lib/gcc/arm-atollic-eabi/5.3.1/../../../../arm-atollic-eabi/lib/armv7e-m/fpu\libc.a
LOAD c:/program files (x86)/atollic/truestudio for arm 6.0.0/armtools/bin/../lib/gcc/arm-atollic-eabi/5.3.1/../../../../arm-atollic-eabi/lib/armv7e-m/fpu\libnosys.a
END GROUP
LOAD c:/program files (x86)/atollic/truestudio for arm 6.0.0/armtools/bin/../lib/gcc/arm-atollic-eabi/5.3.1/armv7e-m/fpu/crtend.o
LOAD c:/program files (x86)/atollic/truestudio for arm 6.0.0/armtools/bin/../lib/gcc/arm-atollic-eabi/5.3.1/armv7e-m/fpu/crtn.o
                0x20020000                _estack = 0x20020000
                0x00000200                _Min_Heap_Size = 0x200
                0x00000400                _Min_Stack_Size = 0x400

.isr_vector     0x08000000      0x1c4
                0x08000000                . = ALIGN (0x4)
 *(.isr_vector)
 .isr_vector    0x08000000      0x1c4 Drivers\CMSIS\Device\ST\STM32F4xx\Source\Templates\gcc\startup_stm32f446xx.o
                0x08000000                g_pfnVectors
                0x080001c4                . = ALIGN (0x4)

.text           0x080001c4     0x5164
                0x080001c4                . = ALIGN (0x4)
 *(.text)
 .text          0x080001c4       0x40 c:/program files (x86)/atollic/truestudio for arm 6.0.0/armtools/bin/../lib/gcc/arm-atollic-eabi/5.3.1/armv7e-m/fpu/crtbegin.o
 .text          0x08000204       0x14 c:/program files (x86)/atollic/truestudio for arm 6.0.0/armtools/bin/../lib/gcc/arm-atollic-eabi/5.3.1/../../../../arm-atollic-eabi/lib/armv7e-m/fpu\libc.a(lib_a-strcmp.o)
                0x08000204                strcmp
 .text          0x08000218       0x10 c:/program files (x86)/atollic/truestudio for arm 6.0.0/armtools/bin/../lib/gcc/arm-atollic-eabi/5.3.1/../../../../arm-atollic-eabi/lib/armv7e-m/fpu\libc.a(lib_a-strlen.o)
                0x08000218                strlen
 *(.text*)
 .text.Reset_Handler
                0x08000228       0x50 Drivers\CMSIS\Device\ST\STM32F4xx\Source\Templates\gcc\startup_stm32f446xx.o
                0x08000228                Reset_Handler
 .text.Default_Handler
                0x08000278        0x2 Drivers\CMSIS\Device\ST\STM32F4xx\Source\Templates\gcc\startup_stm32f446xx.o
                0x08000278                RTC_Alarm_IRQHandler
                0x08000278                EXTI2_IRQHandler
                0x08000278                TIM8_CC_IRQHandler
                0x08000278                SPI4_IRQHandler
                0x08000278                TIM1_CC_IRQHandler
                0x08000278                DMA2_Stream5_IRQHandler
                0x08000278                DMA1_Stream5_IRQHandler
                0x08000278                PVD_IRQHandler
                0x08000278                SDIO_IRQHandler
                0x08000278                TAMP_STAMP_IRQHandler
                0x08000278                CAN2_RX1_IRQHandler
                0x08000278                EXTI3_IRQHandler
                0x08000278                TIM8_TRG_COM_TIM14_IRQHandler
                0x08000278                TIM1_UP_TIM10_IRQHandler
                0x08000278                I2C3_ER_IRQHandler
                0x08000278                FMPI2C1_Event_IRQHandler
                0x08000278                EXTI0_IRQHandler
                0x08000278                I2C2_EV_IRQHandler
                0x08000278                DMA1_Stream2_IRQHandler
                0x08000278                CAN1_RX0_IRQHandler
                0x08000278                FPU_IRQHandler
                0x08000278                OTG_HS_WKUP_IRQHandler
                0x08000278                CAN2_SCE_IRQHandler
                0x08000278                DMA2_Stream2_IRQHandler
                0x08000278                SPI1_IRQHandler
                0x08000278                TIM6_DAC_IRQHandler
                0x08000278                TIM1_BRK_TIM9_IRQHandler
                0x08000278                DCMI_IRQHandler
                0x08000278                CAN2_RX0_IRQHandler
                0x08000278                DMA2_Stream3_IRQHandler
                0x08000278                SAI2_IRQHandler
                0x08000278                USART6_IRQHandler
                0x08000278                USART3_IRQHandler
                0x08000278                CAN1_RX1_IRQHandler
                0x08000278                UART5_IRQHandler
                0x08000278                DMA2_Stream0_IRQHandler
                0x08000278                TIM4_IRQHandler
                0x08000278                QUADSPI_IRQHandler
                0x08000278                I2C1_EV_IRQHandler
                0x08000278                DMA1_Stream6_IRQHandler
                0x08000278                DMA1_Stream1_IRQHandler
                0x08000278                UART4_IRQHandler
                0x08000278                TIM3_IRQHandler
                0x08000278                RCC_IRQHandler
                0x08000278                TIM8_BRK_TIM12_IRQHandler
                0x08000278                Default_Handler
                0x08000278                CEC_IRQHandler
                0x08000278                EXTI15_10_IRQHandler
                0x08000278                ADC_IRQHandler
                0x08000278                DMA1_Stream7_IRQHandler
                0x08000278                TIM7_IRQHandler
                0x08000278                CAN2_TX_IRQHandler
                0x08000278                TIM5_IRQHandler
                0x08000278                DMA2_Stream7_IRQHandler
                0x08000278                I2C3_EV_IRQHandler
                0x08000278                EXTI9_5_IRQHandler
                0x08000278                RTC_WKUP_IRQHandler
                0x08000278                SPDIF_RX_IRQHandler
                0x08000278                SPI2_IRQHandler
                0x08000278                OTG_HS_EP1_IN_IRQHandler
                0x08000278                DMA1_Stream0_IRQHandler
                0x08000278                CAN1_TX_IRQHandler
                0x08000278                EXTI4_IRQHandler
                0x08000278                OTG_HS_EP1_OUT_IRQHandler
                0x08000278                WWDG_IRQHandler
                0x08000278                TIM2_IRQHandler
                0x08000278                OTG_FS_WKUP_IRQHandler
                0x08000278                TIM1_TRG_COM_TIM11_IRQHandler
                0x08000278                OTG_HS_IRQHandler
                0x08000278                EXTI1_IRQHandler
                0x08000278                USART2_IRQHandler
                0x08000278                I2C2_ER_IRQHandler
                0x08000278                DMA2_Stream1_IRQHandler
                0x08000278                CAN1_SCE_IRQHandler
                0x08000278                FLASH_IRQHandler
                0x08000278                DMA2_Stream4_IRQHandler
                0x08000278                USART1_IRQHandler
                0x08000278                OTG_FS_IRQHandler
                0x08000278                SPI3_IRQHandler
                0x08000278                DMA1_Stream4_IRQHandler
                0x08000278                I2C1_ER_IRQHandler
                0x08000278                FMC_IRQHandler
                0x08000278                DMA2_Stream6_IRQHandler
                0x08000278                SAI1_IRQHandler
                0x08000278                DMA1_Stream3_IRQHandler
                0x08000278                FMPI2C1_Error_IRQHandler
 *fill*         0x0800027a        0x2 
 .text.SystemInit
                0x0800027c       0x4c Drivers\CMSIS\Device\ST\STM32F4xx\Source\Templates\system_stm32f4xx.o
                0x0800027c                SystemInit
 .text.HAL_InitTick
                0x080002c8       0x28 Drivers\STM32F4xx_HAL_Driver\Src\stm32f4xx_hal.o
                0x080002c8                HAL_InitTick
 .text.HAL_Init
                0x080002f0       0x34 Drivers\STM32F4xx_HAL_Driver\Src\stm32f4xx_hal.o
                0x080002f0                HAL_Init
 .text.HAL_IncTick
                0x08000324       0x10 Drivers\STM32F4xx_HAL_Driver\Src\stm32f4xx_hal.o
                0x08000324                HAL_IncTick
 .text.HAL_GetTick
                0x08000334        0xc Drivers\STM32F4xx_HAL_Driver\Src\stm32f4xx_hal.o
                0x08000334                HAL_GetTick
 .text.HAL_Delay
                0x08000340       0x1a Drivers\STM32F4xx_HAL_Driver\Src\stm32f4xx_hal.o
                0x08000340                HAL_Delay
 *fill*         0x0800035a        0x2 
 .text.HAL_NVIC_SetPriorityGrouping
                0x0800035c       0x24 Drivers\STM32F4xx_HAL_Driver\Src\stm32f4xx_hal_cortex.o
                0x0800035c                HAL_NVIC_SetPriorityGrouping
 .text.HAL_NVIC_SetPriority
                0x08000380       0x68 Drivers\STM32F4xx_HAL_Driver\Src\stm32f4xx_hal_cortex.o
                0x08000380                HAL_NVIC_SetPriority
 .text.HAL_NVIC_EnableIRQ
                0x080003e8       0x18 Drivers\STM32F4xx_HAL_Driver\Src\stm32f4xx_hal_cortex.o
                0x080003e8                HAL_NVIC_EnableIRQ
 .text.HAL_SYSTICK_Config
                0x08000400       0x2c Drivers\STM32F4xx_HAL_Driver\Src\stm32f4xx_hal_cortex.o
                0x08000400                HAL_SYSTICK_Config
 .text.HAL_SYSTICK_CLKSourceConfig
                0x0800042c       0x18 Drivers\STM32F4xx_HAL_Driver\Src\stm32f4xx_hal_cortex.o
                0x0800042c                HAL_SYSTICK_CLKSourceConfig
 .text.HAL_SYSTICK_Callback
                0x08000444        0x2 Drivers\STM32F4xx_HAL_Driver\Src\stm32f4xx_hal_cortex.o
                0x08000444                HAL_SYSTICK_Callback
 .text.HAL_SYSTICK_IRQHandler
                0x08000446        0x8 Drivers\STM32F4xx_HAL_Driver\Src\stm32f4xx_hal_cortex.o
                0x08000446                HAL_SYSTICK_IRQHandler
 *fill*         0x0800044e        0x2 
 .text.HAL_GPIO_Init
                0x08000450      0x1b4 Drivers\STM32F4xx_HAL_Driver\Src\stm32f4xx_hal_gpio.o
                0x08000450                HAL_GPIO_Init
 .text.HAL_GPIO_ReadPin
                0x08000604        0xc Drivers\STM32F4xx_HAL_Driver\Src\stm32f4xx_hal_gpio.o
                0x08000604                HAL_GPIO_ReadPin
 .text.HAL_GPIO_WritePin
                0x08000610        0x8 Drivers\STM32F4xx_HAL_Driver\Src\stm32f4xx_hal_gpio.o
                0x08000610                HAL_GPIO_WritePin
 .text.HAL_GPIO_TogglePin
                0x08000618        0x8 Drivers\STM32F4xx_HAL_Driver\Src\stm32f4xx_hal_gpio.o
                0x08000618                HAL_GPIO_TogglePin
 .text.I2C_IsAcknowledgeFailed
                0x08000620       0x2a Drivers\STM32F4xx_HAL_Driver\Src\stm32f4xx_hal_i2c.o
 .text.I2C_WaitOnMasterAddressFlagUntilTimeout
                0x0800064a       0x82 Drivers\STM32F4xx_HAL_Driver\Src\stm32f4xx_hal_i2c.o
 .text.I2C_WaitOnFlagUntilTimeout
                0x080006cc       0x5e Drivers\STM32F4xx_HAL_Driver\Src\stm32f4xx_hal_i2c.o
 .text.I2C_WaitOnTXEFlagUntilTimeout
                0x0800072a       0x4c Drivers\STM32F4xx_HAL_Driver\Src\stm32f4xx_hal_i2c.o
 .text.I2C_WaitOnBTFFlagUntilTimeout
                0x08000776       0x4c Drivers\STM32F4xx_HAL_Driver\Src\stm32f4xx_hal_i2c.o
 *fill*         0x080007c2        0x2 
 .text.HAL_I2C_Init
                0x080007c4       0xdc Drivers\STM32F4xx_HAL_Driver\Src\stm32f4xx_hal_i2c.o
                0x080007c4                HAL_I2C_Init
 .text.HAL_I2C_Master_Transmit
                0x080008a0      0x1ac Drivers\STM32F4xx_HAL_Driver\Src\stm32f4xx_hal_i2c.o
                0x080008a0                HAL_I2C_Master_Transmit
 .text.HAL_RCC_ClockConfig
                0x08000a4c      0x168 Drivers\STM32F4xx_HAL_Driver\Src\stm32f4xx_hal_rcc.o
                0x08000a4c                HAL_RCC_ClockConfig
 .text.HAL_RCC_GetHCLKFreq
                0x08000bb4        0xc Drivers\STM32F4xx_HAL_Driver\Src\stm32f4xx_hal_rcc.o
                0x08000bb4                HAL_RCC_GetHCLKFreq
 .text.HAL_RCC_GetPCLK1Freq
                0x08000bc0       0x30 Drivers\STM32F4xx_HAL_Driver\Src\stm32f4xx_hal_rcc.o
                0x08000bc0                HAL_RCC_GetPCLK1Freq
 .text.HAL_RCCEx_PeriphCLKConfig
                0x08000bf0      0x5c4 Drivers\STM32F4xx_HAL_Driver\Src\stm32f4xx_hal_rcc_ex.o
                0x08000bf0                HAL_RCCEx_PeriphCLKConfig
 .text.HAL_RCC_OscConfig
                0x080011b4      0x304 Drivers\STM32F4xx_HAL_Driver\Src\stm32f4xx_hal_rcc_ex.o
                0x080011b4                HAL_RCC_OscConfig
 .text.HAL_RCC_GetSysClockFreq
                0x080014b8       0xd0 Drivers\STM32F4xx_HAL_Driver\Src\stm32f4xx_hal_rcc_ex.o
                0x080014b8                HAL_RCC_GetSysClockFreq
 .text.SD_CmdResp2Error
                0x08001588       0x2c Drivers\STM32F4xx_HAL_Driver\Src\stm32f4xx_hal_sd.o
 .text.SD_IsCardProgramming
                0x080015b4      0x144 Drivers\STM32F4xx_HAL_Driver\Src\stm32f4xx_hal_sd.o
 .text.SD_CmdResp1Error
                0x080016f8       0xec Drivers\STM32F4xx_HAL_Driver\Src\stm32f4xx_hal_sd.o
 .text.SD_FindSCR
                0x080017e4       0xec Drivers\STM32F4xx_HAL_Driver\Src\stm32f4xx_hal_sd.o
 .text.HAL_SD_Get_CardInfo
                0x080018d0      0x284 Drivers\STM32F4xx_HAL_Driver\Src\stm32f4xx_hal_sd.o
                0x080018d0                HAL_SD_Get_CardInfo
 .text.HAL_SD_Init
                0x08001b54      0x38c Drivers\STM32F4xx_HAL_Driver\Src\stm32f4xx_hal_sd.o
                0x08001b54                HAL_SD_Init
 .text.HAL_SD_WideBusOperation_Config
                0x08001ee0      0x12c Drivers\STM32F4xx_HAL_Driver\Src\stm32f4xx_hal_sd.o
                0x08001ee0                HAL_SD_WideBusOperation_Config
 .text.HAL_SD_StopTransfer
                0x0800200c       0x2e Drivers\STM32F4xx_HAL_Driver\Src\stm32f4xx_hal_sd.o
                0x0800200c                HAL_SD_StopTransfer
 .text.HAL_SD_ReadBlocks
                0x0800203a      0x172 Drivers\STM32F4xx_HAL_Driver\Src\stm32f4xx_hal_sd.o
                0x0800203a                HAL_SD_ReadBlocks
 .text.HAL_SD_WriteBlocks
                0x080021ac      0x1d8 Drivers\STM32F4xx_HAL_Driver\Src\stm32f4xx_hal_sd.o
                0x080021ac                HAL_SD_WriteBlocks
 .text.HAL_SD_GetStatus
                0x08002384       0x46 Drivers\STM32F4xx_HAL_Driver\Src\stm32f4xx_hal_sd.o
                0x08002384                HAL_SD_GetStatus
 .text.HAL_TIM_Base_Start_IT
                0x080023ca       0x16 Drivers\STM32F4xx_HAL_Driver\Src\stm32f4xx_hal_tim.o
                0x080023ca                HAL_TIM_Base_Start_IT
 .text.HAL_TIM_Base_Stop_IT
                0x080023e0       0x2a Drivers\STM32F4xx_HAL_Driver\Src\stm32f4xx_hal_tim.o
                0x080023e0                HAL_TIM_Base_Stop_IT
 .text.HAL_TIM_OC_DelayElapsedCallback
                0x0800240a        0x2 Drivers\STM32F4xx_HAL_Driver\Src\stm32f4xx_hal_tim.o
                0x0800240a                HAL_TIM_OC_DelayElapsedCallback
 .text.HAL_TIM_IC_CaptureCallback
                0x0800240c        0x2 Drivers\STM32F4xx_HAL_Driver\Src\stm32f4xx_hal_tim.o
                0x0800240c                HAL_TIM_IC_CaptureCallback
 .text.HAL_TIM_PWM_PulseFinishedCallback
                0x0800240e        0x2 Drivers\STM32F4xx_HAL_Driver\Src\stm32f4xx_hal_tim.o
                0x0800240e                HAL_TIM_PWM_PulseFinishedCallback
 .text.HAL_TIM_TriggerCallback
                0x08002410        0x2 Drivers\STM32F4xx_HAL_Driver\Src\stm32f4xx_hal_tim.o
                0x08002410                HAL_TIM_TriggerCallback
 .text.HAL_TIM_IRQHandler
                0x08002412      0x144 Drivers\STM32F4xx_HAL_Driver\Src\stm32f4xx_hal_tim.o
                0x08002412                HAL_TIM_IRQHandler
 *fill*         0x08002556        0x2 
 .text.TIM_Base_SetConfig
                0x08002558       0xc8 Drivers\STM32F4xx_HAL_Driver\Src\stm32f4xx_hal_tim.o
                0x08002558                TIM_Base_SetConfig
 .text.HAL_TIM_Base_Init
                0x08002620       0x34 Drivers\STM32F4xx_HAL_Driver\Src\stm32f4xx_hal_tim.o
                0x08002620                HAL_TIM_Base_Init
 .text.HAL_TIMEx_CommutationCallback
                0x08002654        0x2 Drivers\STM32F4xx_HAL_Driver\Src\stm32f4xx_hal_tim_ex.o
                0x08002654                HAL_TIMEx_CommutationCallback
 .text.HAL_TIMEx_BreakCallback
                0x08002656        0x2 Drivers\STM32F4xx_HAL_Driver\Src\stm32f4xx_hal_tim_ex.o
                0x08002656                HAL_TIMEx_BreakCallback
 .text.SDIO_Init
                0x08002658       0x36 Drivers\STM32F4xx_HAL_Driver\Src\stm32f4xx_ll_sdmmc.o
                0x08002658                SDIO_Init
 .text.SDIO_ReadFIFO
                0x0800268e        0x6 Drivers\STM32F4xx_HAL_Driver\Src\stm32f4xx_ll_sdmmc.o
                0x0800268e                SDIO_ReadFIFO
 .text.SDIO_WriteFIFO
                0x08002694        0xa Drivers\STM32F4xx_HAL_Driver\Src\stm32f4xx_ll_sdmmc.o
                0x08002694                SDIO_WriteFIFO
 .text.SDIO_PowerState_ON
                0x0800269e        0x8 Drivers\STM32F4xx_HAL_Driver\Src\stm32f4xx_ll_sdmmc.o
                0x0800269e                SDIO_PowerState_ON
 .text.SDIO_GetPowerState
                0x080026a6        0x8 Drivers\STM32F4xx_HAL_Driver\Src\stm32f4xx_ll_sdmmc.o
                0x080026a6                SDIO_GetPowerState
 .text.SDIO_SendCommand
                0x080026ae       0x26 Drivers\STM32F4xx_HAL_Driver\Src\stm32f4xx_ll_sdmmc.o
                0x080026ae                SDIO_SendCommand
 .text.SDIO_GetCommandResponse
                0x080026d4        0x6 Drivers\STM32F4xx_HAL_Driver\Src\stm32f4xx_ll_sdmmc.o
                0x080026d4                SDIO_GetCommandResponse
 *fill*         0x080026da        0x2 
 .text.SDIO_GetResponse
                0x080026dc       0x18 Drivers\STM32F4xx_HAL_Driver\Src\stm32f4xx_ll_sdmmc.o
                0x080026dc                SDIO_GetResponse
 .text.SDIO_DataConfig
                0x080026f4       0x26 Drivers\STM32F4xx_HAL_Driver\Src\stm32f4xx_ll_sdmmc.o
                0x080026f4                SDIO_DataConfig
 *fill*         0x0800271a        0x2 
 .text.disk_status
                0x0800271c       0x14 Middlewares\Third_Party\FatFs\src\diskio.o
                0x0800271c                disk_status
 .text.disk_initialize
                0x08002730       0x20 Middlewares\Third_Party\FatFs\src\diskio.o
                0x08002730                disk_initialize
 .text.disk_read
                0x08002750       0x1c Middlewares\Third_Party\FatFs\src\diskio.o
                0x08002750                disk_read
 .text.disk_write
                0x0800276c       0x1c Middlewares\Third_Party\FatFs\src\diskio.o
                0x0800276c                disk_write
 .text.disk_ioctl
                0x08002788       0x1c Middlewares\Third_Party\FatFs\src\diskio.o
                0x08002788                disk_ioctl
 .text.SD_initialize
                0x080027a4       0x20 Middlewares\Third_Party\FatFs\src\drivers\sd_diskio.o
                0x080027a4                SD_initialize
 .text.SD_status
                0x080027c4       0x20 Middlewares\Third_Party\FatFs\src\drivers\sd_diskio.o
                0x080027c4                SD_status
 .text.SD_read  0x080027e4       0x20 Middlewares\Third_Party\FatFs\src\drivers\sd_diskio.o
                0x080027e4                SD_read
 .text.SD_write
                0x08002804       0x20 Middlewares\Third_Party\FatFs\src\drivers\sd_diskio.o
                0x08002804                SD_write
 .text.SD_ioctl
                0x08002824       0x54 Middlewares\Third_Party\FatFs\src\drivers\sd_diskio.o
                0x08002824                SD_ioctl
 .text.mem_cpy  0x08002878       0x14 Middlewares\Third_Party\FatFs\src\ff.o
 .text.mem_set  0x0800288c        0xe Middlewares\Third_Party\FatFs\src\ff.o
 *fill*         0x0800289a        0x2 
 .text.chk_lock
                0x0800289c       0x70 Middlewares\Third_Party\FatFs\src\ff.o
 .text.inc_lock
                0x0800290c       0x98 Middlewares\Third_Party\FatFs\src\ff.o
 .text.dec_lock
                0x080029a4       0x38 Middlewares\Third_Party\FatFs\src\ff.o
 .text.clmt_clust
                0x080029dc       0x28 Middlewares\Third_Party\FatFs\src\ff.o
 .text.get_ldnumber
                0x08002a04       0x30 Middlewares\Third_Party\FatFs\src\ff.o
 .text.validate
                0x08002a34       0x2e Middlewares\Third_Party\FatFs\src\ff.o
 .text.ld_clust.isra.0
                0x08002a62       0x1c Middlewares\Third_Party\FatFs\src\ff.o
 .text.sync_window.part.2
                0x08002a7e       0x52 Middlewares\Third_Party\FatFs\src\ff.o
 .text.sync_window
                0x08002ad0        0xe Middlewares\Third_Party\FatFs\src\ff.o
 .text.sync_fs  0x08002ade       0xb6 Middlewares\Third_Party\FatFs\src\ff.o
 .text.move_window
                0x08002b94       0x3a Middlewares\Third_Party\FatFs\src\ff.o
 *fill*         0x08002bce        0x2 
 .text.check_fs
                0x08002bd0       0x58 Middlewares\Third_Party\FatFs\src\ff.o
 .text.find_volume
                0x08002c28      0x2ac Middlewares\Third_Party\FatFs\src\ff.o
 .text.clust2sect
                0x08002ed4       0x1c Middlewares\Third_Party\FatFs\src\ff.o
                0x08002ed4                clust2sect
 .text.get_fat  0x08002ef0       0xc2 Middlewares\Third_Party\FatFs\src\ff.o
                0x08002ef0                get_fat
 .text.dir_sdi  0x08002fb2       0x9c Middlewares\Third_Party\FatFs\src\ff.o
 .text.put_fat  0x0800304e       0xec Middlewares\Third_Party\FatFs\src\ff.o
                0x0800304e                put_fat
 .text.create_chain
                0x0800313a       0xb4 Middlewares\Third_Party\FatFs\src\ff.o
 .text.dir_next
                0x080031ee      0x122 Middlewares\Third_Party\FatFs\src\ff.o
 .text.follow_path
                0x08003310      0x1ac Middlewares\Third_Party\FatFs\src\ff.o
 .text.dir_register
                0x080034bc       0x76 Middlewares\Third_Party\FatFs\src\ff.o
 .text.remove_chain
                0x08003532       0x64 Middlewares\Third_Party\FatFs\src\ff.o
 *fill*         0x08003596        0x2 
 .text.f_mount  0x08003598       0x74 Middlewares\Third_Party\FatFs\src\ff.o
                0x08003598                f_mount
 .text.f_open   0x0800360c      0x194 Middlewares\Third_Party\FatFs\src\ff.o
                0x0800360c                f_open
 .text.f_read   0x080037a0      0x18a Middlewares\Third_Party\FatFs\src\ff.o
                0x080037a0                f_read
 .text.f_write  0x0800392a      0x1da Middlewares\Third_Party\FatFs\src\ff.o
                0x0800392a                f_write
 .text.putc_bfd
                0x08003b04       0x44 Middlewares\Third_Party\FatFs\src\ff.o
 .text.f_sync   0x08003b48       0xca Middlewares\Third_Party\FatFs\src\ff.o
                0x08003b48                f_sync
 .text.f_close  0x08003c12       0x22 Middlewares\Third_Party\FatFs\src\ff.o
                0x08003c12                f_close
 .text.f_lseek  0x08003c34      0x2a0 Middlewares\Third_Party\FatFs\src\ff.o
                0x08003c34                f_lseek
 .text.f_mkfs   0x08003ed4      0x568 Middlewares\Third_Party\FatFs\src\ff.o
                0x08003ed4                f_mkfs
 .text.f_gets   0x0800443c       0x4c Middlewares\Third_Party\FatFs\src\ff.o
                0x0800443c                f_gets
 .text.f_putc   0x08004488       0x3e Middlewares\Third_Party\FatFs\src\ff.o
                0x08004488                f_putc
 *fill*         0x080044c6        0x2 
 .text.FATFS_LinkDriverEx
                0x080044c8       0x44 Middlewares\Third_Party\FatFs\src\ff_gen_drv.o
                0x080044c8                FATFS_LinkDriverEx
 .text.FATFS_LinkDriver
                0x0800450c        0x6 Middlewares\Third_Party\FatFs\src\ff_gen_drv.o
                0x0800450c                FATFS_LinkDriver
 *fill*         0x08004512        0x2 
 .text.regist   0x08004514       0x50 Src\auth.o
                0x08004514                regist
 .text.BSP_SD_Init
                0x08004564       0x38 Src\bsp_driver_sd.o
                0x08004564                BSP_SD_Init
 .text.BSP_SD_ReadBlocks
                0x0800459c       0x24 Src\bsp_driver_sd.o
                0x0800459c                BSP_SD_ReadBlocks
 .text.BSP_SD_WriteBlocks
                0x080045c0       0x24 Src\bsp_driver_sd.o
                0x080045c0                BSP_SD_WriteBlocks
 .text.BSP_SD_GetStatus
                0x080045e4        0xc Src\bsp_driver_sd.o
                0x080045e4                BSP_SD_GetStatus
 .text.BSP_SD_GetCardInfo
                0x080045f0        0xc Src\bsp_driver_sd.o
                0x080045f0                BSP_SD_GetCardInfo
 .text.initDisplay
                0x080045fc       0x10 Src\display.o
                0x080045fc                initDisplay
 .text.clearDisplay
                0x0800460c       0x28 Src\display.o
                0x0800460c                clearDisplay
 .text.printDisplay
                0x08004634       0x24 Src\display.o
                0x08004634                printDisplay
 .text.printMenu
                0x08004658       0xb8 Src\display.o
                0x08004658                printMenu
 .text.printMenuInstalacao
                0x08004710       0x64 Src\display.o
                0x08004710                printMenuInstalacao
 .text.MX_FATFS_Init
                0x08004774       0x1c Src\fatfs.o
                0x08004774                MX_FATFS_Init
 .text.get_fattime
                0x08004790        0x4 Src\fatfs.o
                0x08004790                get_fattime
 .text.MX_GPIO_Init
                0x08004794      0x144 Src\gpio.o
                0x08004794                MX_GPIO_Init
 .text.MX_I2C1_Init
                0x080048d8       0x3c Src\i2c.o
                0x080048d8                MX_I2C1_Init
 .text.HAL_I2C_MspInit
                0x08004914       0x54 Src\i2c.o
                0x08004914                HAL_I2C_MspInit
 .text.readKeyBoard
                0x08004968      0x2b4 Src\keyboard.o
                0x08004968                readKeyBoard
 .text.SystemClock_Config
                0x08004c1c       0xc0 Src\main.o
                0x08004c1c                SystemClock_Config
 .text.startup.main
                0x08004cdc      0x428 Src\main.o
                0x08004cdc                main
 .text.HAL_TIM_PeriodElapsedCallback
                0x08005104       0x1c Src\main.o
                0x08005104                HAL_TIM_PeriodElapsedCallback
 .text.Error_Handler
                0x08005120        0x2 Src\main.o
                0x08005120                Error_Handler
 *fill*         0x08005122        0x2 
 .text.MX_SDIO_SD_Init
                0x08005124       0x20 Src\sdio.o
                0x08005124                MX_SDIO_SD_Init
 .text.HAL_SD_MspInit
                0x08005144       0x68 Src\sdio.o
                0x08005144                HAL_SD_MspInit
 .text.HAL_MspInit
                0x080051ac       0x60 Src\stm32f4xx_hal_msp.o
                0x080051ac                HAL_MspInit
 .text.NMI_Handler
                0x0800520c        0x2 Src\stm32f4xx_it.o
                0x0800520c                NMI_Handler
 .text.HardFault_Handler
                0x0800520e        0x2 Src\stm32f4xx_it.o
                0x0800520e                HardFault_Handler
 .text.MemManage_Handler
                0x08005210        0x2 Src\stm32f4xx_it.o
                0x08005210                MemManage_Handler
 .text.BusFault_Handler
                0x08005212        0x2 Src\stm32f4xx_it.o
                0x08005212                BusFault_Handler
 .text.UsageFault_Handler
                0x08005214        0x2 Src\stm32f4xx_it.o
                0x08005214                UsageFault_Handler
 .text.SVC_Handler
                0x08005216        0x2 Src\stm32f4xx_it.o
                0x08005216                SVC_Handler
 .text.DebugMon_Handler
                0x08005218        0x2 Src\stm32f4xx_it.o
                0x08005218                DebugMon_Handler
 .text.PendSV_Handler
                0x0800521a        0x2 Src\stm32f4xx_it.o
                0x0800521a                PendSV_Handler
 .text.SysTick_Handler
                0x0800521c        0xe Src\stm32f4xx_it.o
                0x0800521c                SysTick_Handler
 *fill*         0x0800522a        0x2 
 .text.TIM8_UP_TIM13_IRQHandler
                0x0800522c        0xc Src\stm32f4xx_it.o
                0x0800522c                TIM8_UP_TIM13_IRQHandler
 .text.MX_TIM13_Init
                0x08005238       0x30 Src\tim.o
                0x08005238                MX_TIM13_Init
 .text.HAL_TIM_Base_MspInit
                0x08005268       0x3c Src\tim.o
                0x08005268                HAL_TIM_Base_MspInit
 .text.__libc_init_array
                0x080052a4       0x4c c:/program files (x86)/atollic/truestudio for arm 6.0.0/armtools/bin/../lib/gcc/arm-atollic-eabi/5.3.1/../../../../arm-atollic-eabi/lib/armv7e-m/fpu\libc.a(lib_a-init.o)
                0x080052a4                __libc_init_array
 .text.strcat   0x080052f0       0x1e c:/program files (x86)/atollic/truestudio for arm 6.0.0/armtools/bin/../lib/gcc/arm-atollic-eabi/5.3.1/../../../../arm-atollic-eabi/lib/armv7e-m/fpu\libc.a(lib_a-strcat.o)
                0x080052f0                strcat
 *(.glue_7)
 .glue_7        0x0800530e        0x0 linker stubs
 *(.glue_7t)
 .glue_7t       0x0800530e        0x0 linker stubs
 *(.eh_frame)
 *fill*         0x0800530e        0x2 
 .eh_frame      0x08005310        0x0 c:/program files (x86)/atollic/truestudio for arm 6.0.0/armtools/bin/../lib/gcc/arm-atollic-eabi/5.3.1/armv7e-m/fpu/crtbegin.o
 *(.init)
 .init          0x08005310        0x4 c:/program files (x86)/atollic/truestudio for arm 6.0.0/armtools/bin/../lib/gcc/arm-atollic-eabi/5.3.1/armv7e-m/fpu/crti.o
                0x08005310                _init
 .init          0x08005314        0x8 c:/program files (x86)/atollic/truestudio for arm 6.0.0/armtools/bin/../lib/gcc/arm-atollic-eabi/5.3.1/armv7e-m/fpu/crtn.o
 *(.fini)
 .fini          0x0800531c        0x4 c:/program files (x86)/atollic/truestudio for arm 6.0.0/armtools/bin/../lib/gcc/arm-atollic-eabi/5.3.1/armv7e-m/fpu/crti.o
                0x0800531c                _fini
 .fini          0x08005320        0x8 c:/program files (x86)/atollic/truestudio for arm 6.0.0/armtools/bin/../lib/gcc/arm-atollic-eabi/5.3.1/armv7e-m/fpu/crtn.o
                0x08005328                . = ALIGN (0x4)
                0x08005328                _etext = .

.vfp11_veneer   0x08005328        0x0
 .vfp11_veneer  0x08005328        0x0 linker stubs

.v4_bx          0x08005328        0x0
 .v4_bx         0x08005328        0x0 linker stubs

.iplt           0x08005328        0x0
 .iplt          0x08005328        0x0 c:/program files (x86)/atollic/truestudio for arm 6.0.0/armtools/bin/../lib/gcc/arm-atollic-eabi/5.3.1/armv7e-m/fpu/crtbegin.o

.rodata         0x08005328      0x2d0
                0x08005328                . = ALIGN (0x4)
 *(.rodata)
 *(.rodata*)
 .rodata.APBAHBPrescTable
                0x08005328       0x10 Drivers\STM32F4xx_HAL_Driver\Src\stm32f4xx_hal_rcc.o
                0x08005328                APBAHBPrescTable
 .rodata.SD_Driver
                0x08005338       0x14 Middlewares\Third_Party\FatFs\src\drivers\sd_diskio.o
                0x08005338                SD_Driver
 .rodata.vst.8797
                0x0800534c       0x16 Middlewares\Third_Party\FatFs\src\ff.o
 .rodata.str1.1
                0x08005362       0x43 Middlewares\Third_Party\FatFs\src\ff.o
 *fill*         0x080053a5        0x1 
 .rodata.cst.8798
                0x080053a6       0x16 Middlewares\Third_Party\FatFs\src\ff.o
 .rodata.ExCvt  0x080053bc       0x80 Middlewares\Third_Party\FatFs\src\ff.o
 .rodata.str1.1
                0x0800543c        0xd Src\auth.o
 .rodata.str1.1
                0x08005449       0x59 Src\display.o
 .rodata.str1.1
                0x080054a2       0x20 Src\keyboard.o
                                 0x22 (size before relaxing)
 .rodata.str1.1
                0x080054c2      0x134 Src\main.o
                                0x14f (size before relaxing)
                0x080055f8                . = ALIGN (0x4)
 *fill*         0x080055f6        0x2 

.rel.dyn        0x080055f8        0x0
 .rel.iplt      0x080055f8        0x0 c:/program files (x86)/atollic/truestudio for arm 6.0.0/armtools/bin/../lib/gcc/arm-atollic-eabi/5.3.1/armv7e-m/fpu/crtbegin.o

.ARM.extab
 *(.ARM.extab* .gnu.linkonce.armextab.*)

.ARM            0x080055f8        0x0
                0x080055f8                __exidx_start = .
 *(.ARM.exidx*)
                0x080055f8                __exidx_end = .

.preinit_array  0x080055f8        0x0
                0x080055f8                PROVIDE (__preinit_array_start, .)
 *(.preinit_array*)
                0x080055f8                PROVIDE (__preinit_array_end, .)

.init_array     0x080055f8        0x4
                0x080055f8                PROVIDE (__init_array_start, .)
 *(SORT(.init_array.*))
 *(.init_array*)
 .init_array    0x080055f8        0x4 c:/program files (x86)/atollic/truestudio for arm 6.0.0/armtools/bin/../lib/gcc/arm-atollic-eabi/5.3.1/armv7e-m/fpu/crtbegin.o
                0x080055fc                PROVIDE (__init_array_end, .)

.fini_array     0x080055fc        0x4
                [!provide]                PROVIDE (__fini_array_start, .)
 *(SORT(.fini_array.*))
 *(.fini_array*)
 .fini_array    0x080055fc        0x4 c:/program files (x86)/atollic/truestudio for arm 6.0.0/armtools/bin/../lib/gcc/arm-atollic-eabi/5.3.1/armv7e-m/fpu/crtbegin.o
                [!provide]                PROVIDE (__fini_array_end, .)
                0x08005600                _sidata = LOADADDR (.data)

.data           0x20000000       0x10 load address 0x08005600
                0x20000000                . = ALIGN (0x4)
                0x20000000                _sdata = .
 *(.data)
 *(.data*)
 .data.SystemCoreClock
                0x20000000        0x4 Drivers\CMSIS\Device\ST\STM32F4xx\Source\Templates\system_stm32f4xx.o
                0x20000000                SystemCoreClock
 .data.Stat     0x20000004        0x1 Middlewares\Third_Party\FatFs\src\drivers\sd_diskio.o
 .data.set_cursor_line2
                0x20000005        0x3 Src\display.o
                0x20000005                set_cursor_line2
 .data.set_cursor_line3
                0x20000008        0x3 Src\display.o
                0x20000008                set_cursor_line3
 .data.clear_screen
                0x2000000b        0x2 Src\display.o
                0x2000000b                clear_screen
 .data.right_cursor
                0x2000000d        0x2 Src\display.o
                0x2000000d                right_cursor
                0x20000010                . = ALIGN (0x4)
 *fill*         0x2000000f        0x1 
                0x20000010                _edata = .

.igot.plt       0x20000010        0x0 load address 0x08005610
 .igot.plt      0x20000010        0x0 c:/program files (x86)/atollic/truestudio for arm 6.0.0/armtools/bin/../lib/gcc/arm-atollic-eabi/5.3.1/armv7e-m/fpu/crtbegin.o
                0x20000010                . = ALIGN (0x4)

.bss            0x20000010      0x19c load address 0x08005610
                0x20000010                _sbss = .
                0x20000010                __bss_start__ = _sbss
 *(.bss)
 .bss           0x20000010       0x1c c:/program files (x86)/atollic/truestudio for arm 6.0.0/armtools/bin/../lib/gcc/arm-atollic-eabi/5.3.1/armv7e-m/fpu/crtbegin.o
 *(.bss*)
 .bss.Fsid      0x2000002c        0x2 Middlewares\Third_Party\FatFs\src\ff.o
 *fill*         0x2000002e        0x2 
 .bss.Files     0x20000030       0x18 Middlewares\Third_Party\FatFs\src\ff.o
 .bss.FatFs     0x20000048        0x4 Middlewares\Third_Party\FatFs\src\ff.o
 .bss.disk      0x2000004c        0xc Middlewares\Third_Party\FatFs\src\ff_gen_drv.o
                0x2000004c                disk
 *(COMMON)
 COMMON         0x20000058        0x4 Drivers\STM32F4xx_HAL_Driver\Src\stm32f4xx_hal.o
                0x20000058                uwTick
 COMMON         0x2000005c        0x5 Src\fatfs.o
                0x2000005c                retSD
                0x2000005d                SD_Path
 *fill*         0x20000061        0x3 
 COMMON         0x20000064       0x54 Src\i2c.o
                0x20000064                hi2c1
 COMMON         0x200000b8       0xb8 Src\sdio.o
                0x200000b8                SDCardInfo
                0x20000110                hsd
 COMMON         0x20000170       0x3c Src\tim.o
                0x20000170                htim13
                0x200001ac                . = ALIGN (0x4)
                0x200001ac                _ebss = .
                0x200001ac                __bss_end__ = _ebss

._user_heap_stack
                0x200001ac      0x600 load address 0x08005610
                0x200001ac                . = ALIGN (0x4)
                [!provide]                PROVIDE (end, .)
                [!provide]                PROVIDE (_end, .)
                0x200003ac                . = (. + _Min_Heap_Size)
 *fill*         0x200001ac      0x200 
                0x200007ac                . = (. + _Min_Stack_Size)
 *fill*         0x200003ac      0x400 
                0x200007ac                . = ALIGN (0x4)

/DISCARD/
 libc.a(*)
 libm.a(*)
 libgcc.a(*)

.ARM.attributes
                0x00000000       0x30
 *(.ARM.attributes)
 .ARM.attributes
                0x00000000       0x22 c:/program files (x86)/atollic/truestudio for arm 6.0.0/armtools/bin/../lib/gcc/arm-atollic-eabi/5.3.1/armv7e-m/fpu/crti.o
 .ARM.attributes
                0x00000022       0x34 c:/program files (x86)/atollic/truestudio for arm 6.0.0/armtools/bin/../lib/gcc/arm-atollic-eabi/5.3.1/armv7e-m/fpu/crtbegin.o
 .ARM.attributes
                0x00000056       0x21 Drivers\CMSIS\Device\ST\STM32F4xx\Source\Templates\gcc\startup_stm32f446xx.o
 .ARM.attributes
                0x00000077       0x39 Drivers\CMSIS\Device\ST\STM32F4xx\Source\Templates\system_stm32f4xx.o
 .ARM.attributes
                0x000000b0       0x39 Drivers\STM32F4xx_HAL_Driver\Src\stm32f4xx_hal.o
 .ARM.attributes
                0x000000e9       0x39 Drivers\STM32F4xx_HAL_Driver\Src\stm32f4xx_hal_cortex.o
 .ARM.attributes
                0x00000122       0x39 Drivers\STM32F4xx_HAL_Driver\Src\stm32f4xx_hal_gpio.o
 .ARM.attributes
                0x0000015b       0x39 Drivers\STM32F4xx_HAL_Driver\Src\stm32f4xx_hal_i2c.o
 .ARM.attributes
                0x00000194       0x39 Drivers\STM32F4xx_HAL_Driver\Src\stm32f4xx_hal_rcc.o
 .ARM.attributes
                0x000001cd       0x39 Drivers\STM32F4xx_HAL_Driver\Src\stm32f4xx_hal_rcc_ex.o
 .ARM.attributes
                0x00000206       0x39 Drivers\STM32F4xx_HAL_Driver\Src\stm32f4xx_hal_sd.o
 .ARM.attributes
                0x0000023f       0x39 Drivers\STM32F4xx_HAL_Driver\Src\stm32f4xx_hal_tim.o
 .ARM.attributes
                0x00000278       0x39 Drivers\STM32F4xx_HAL_Driver\Src\stm32f4xx_hal_tim_ex.o
 .ARM.attributes
                0x000002b1       0x39 Drivers\STM32F4xx_HAL_Driver\Src\stm32f4xx_ll_sdmmc.o
 .ARM.attributes
                0x000002ea       0x39 Middlewares\Third_Party\FatFs\src\diskio.o
 .ARM.attributes
                0x00000323       0x39 Middlewares\Third_Party\FatFs\src\drivers\sd_diskio.o
 .ARM.attributes
                0x0000035c       0x39 Middlewares\Third_Party\FatFs\src\ff.o
 .ARM.attributes
                0x00000395       0x39 Middlewares\Third_Party\FatFs\src\ff_gen_drv.o
 .ARM.attributes
                0x000003ce       0x39 Src\auth.o
 .ARM.attributes
                0x00000407       0x39 Src\bsp_driver_sd.o
 .ARM.attributes
                0x00000440       0x39 Src\display.o
 .ARM.attributes
                0x00000479       0x39 Src\fatfs.o
 .ARM.attributes
                0x000004b2       0x39 Src\gpio.o
 .ARM.attributes
                0x000004eb       0x39 Src\i2c.o
 .ARM.attributes
                0x00000524       0x39 Src\keyboard.o
 .ARM.attributes
                0x0000055d       0x39 Src\main.o
 .ARM.attributes
                0x00000596       0x39 Src\sdio.o
 .ARM.attributes
                0x000005cf       0x39 Src\stm32f4xx_hal_msp.o
 .ARM.attributes
                0x00000608       0x39 Src\stm32f4xx_it.o
 .ARM.attributes
                0x00000641       0x39 Src\tim.o
 .ARM.attributes
                0x0000067a       0x34 c:/program files (x86)/atollic/truestudio for arm 6.0.0/armtools/bin/../lib/gcc/arm-atollic-eabi/5.3.1/../../../../arm-atollic-eabi/lib/armv7e-m/fpu\libc.a(lib_a-init.o)
 .ARM.attributes
                0x000006ae       0x34 c:/program files (x86)/atollic/truestudio for arm 6.0.0/armtools/bin/../lib/gcc/arm-atollic-eabi/5.3.1/../../../../arm-atollic-eabi/lib/armv7e-m/fpu\libc.a(lib_a-strcat.o)
 .ARM.attributes
                0x000006e2       0x20 c:/program files (x86)/atollic/truestudio for arm 6.0.0/armtools/bin/../lib/gcc/arm-atollic-eabi/5.3.1/../../../../arm-atollic-eabi/lib/armv7e-m/fpu\libc.a(lib_a-strcmp.o)
 .ARM.attributes
                0x00000702       0x1b c:/program files (x86)/atollic/truestudio for arm 6.0.0/armtools/bin/../lib/gcc/arm-atollic-eabi/5.3.1/../../../../arm-atollic-eabi/lib/armv7e-m/fpu\libc.a(lib_a-strlen.o)
 .ARM.attributes
                0x0000071d       0x22 c:/program files (x86)/atollic/truestudio for arm 6.0.0/armtools/bin/../lib/gcc/arm-atollic-eabi/5.3.1/armv7e-m/fpu/crtn.o
OUTPUT(Projeto_Micro_SD_LED.elf elf32-littlearm)

.debug_line     0x00000000     0x8b99
 .debug_line    0x00000000       0xae Drivers\CMSIS\Device\ST\STM32F4xx\Source\Templates\gcc\startup_stm32f446xx.o
 .debug_line    0x000000ae      0x1f2 Drivers\CMSIS\Device\ST\STM32F4xx\Source\Templates\system_stm32f4xx.o
 .debug_line    0x000002a0      0x3ab Drivers\STM32F4xx_HAL_Driver\Src\stm32f4xx_hal.o
 .debug_line    0x0000064b      0x3f2 Drivers\STM32F4xx_HAL_Driver\Src\stm32f4xx_hal_cortex.o
 .debug_line    0x00000a3d      0x3c5 Drivers\STM32F4xx_HAL_Driver\Src\stm32f4xx_hal_gpio.o
 .debug_line    0x00000e02     0x171b Drivers\STM32F4xx_HAL_Driver\Src\stm32f4xx_hal_i2c.o
 .debug_line    0x0000251d      0x56e Drivers\STM32F4xx_HAL_Driver\Src\stm32f4xx_hal_rcc.o
 .debug_line    0x00002a8b      0x808 Drivers\STM32F4xx_HAL_Driver\Src\stm32f4xx_hal_rcc_ex.o
 .debug_line    0x00003293      0xaca Drivers\STM32F4xx_HAL_Driver\Src\stm32f4xx_hal_sd.o
 .debug_line    0x00003d5d     0x1087 Drivers\STM32F4xx_HAL_Driver\Src\stm32f4xx_hal_tim.o
 .debug_line    0x00004de4      0x620 Drivers\STM32F4xx_HAL_Driver\Src\stm32f4xx_hal_tim_ex.o
 .debug_line    0x00005404      0x2f0 Drivers\STM32F4xx_HAL_Driver\Src\stm32f4xx_ll_sdmmc.o
 .debug_line    0x000056f4      0x1ef Middlewares\Third_Party\FatFs\src\diskio.o
 .debug_line    0x000058e3      0x27e Middlewares\Third_Party\FatFs\src\drivers\sd_diskio.o
 .debug_line    0x00005b61     0x100e Middlewares\Third_Party\FatFs\src\ff.o
 .debug_line    0x00006b6f      0x1f6 Middlewares\Third_Party\FatFs\src\ff_gen_drv.o
 .debug_line    0x00006d65      0x22f Src\auth.o
 .debug_line    0x00006f94      0x320 Src\bsp_driver_sd.o
 .debug_line    0x000072b4      0x2a9 Src\display.o
 .debug_line    0x0000755d      0x1e1 Src\fatfs.o
 .debug_line    0x0000773e      0x209 Src\gpio.o
 .debug_line    0x00007947      0x254 Src\i2c.o
 .debug_line    0x00007b9b      0x225 Src\keyboard.o
 .debug_line    0x00007dc0      0x4b9 Src\main.o
 .debug_line    0x00008279      0x278 Src\sdio.o
 .debug_line    0x000084f1      0x1d8 Src\stm32f4xx_hal_msp.o
 .debug_line    0x000086c9      0x287 Src\stm32f4xx_it.o
 .debug_line    0x00008950      0x249 Src\tim.o

.debug_info     0x00000000    0x1a184
 .debug_info    0x00000000       0xa6 Drivers\CMSIS\Device\ST\STM32F4xx\Source\Templates\gcc\startup_stm32f446xx.o
 .debug_info    0x000000a6      0x50a Drivers\CMSIS\Device\ST\STM32F4xx\Source\Templates\system_stm32f4xx.o
 .debug_info    0x000005b0      0x92e Drivers\STM32F4xx_HAL_Driver\Src\stm32f4xx_hal.o
 .debug_info    0x00000ede      0xe99 Drivers\STM32F4xx_HAL_Driver\Src\stm32f4xx_hal_cortex.o
 .debug_info    0x00001d77      0x77b Drivers\STM32F4xx_HAL_Driver\Src\stm32f4xx_hal_gpio.o
 .debug_info    0x000024f2     0x2e2d Drivers\STM32F4xx_HAL_Driver\Src\stm32f4xx_hal_i2c.o
 .debug_info    0x0000531f      0xcd3 Drivers\STM32F4xx_HAL_Driver\Src\stm32f4xx_hal_rcc.o
 .debug_info    0x00005ff2     0x12fc Drivers\STM32F4xx_HAL_Driver\Src\stm32f4xx_hal_rcc_ex.o
 .debug_info    0x000072ee     0x2810 Drivers\STM32F4xx_HAL_Driver\Src\stm32f4xx_hal_sd.o
 .debug_info    0x00009afe     0x2ea6 Drivers\STM32F4xx_HAL_Driver\Src\stm32f4xx_hal_tim.o
 .debug_info    0x0000c9a4      0xf6b Drivers\STM32F4xx_HAL_Driver\Src\stm32f4xx_hal_tim_ex.o
 .debug_info    0x0000d90f      0x5f2 Drivers\STM32F4xx_HAL_Driver\Src\stm32f4xx_ll_sdmmc.o
 .debug_info    0x0000df01      0x44e Middlewares\Third_Party\FatFs\src\diskio.o
 .debug_info    0x0000e34f      0x7b8 Middlewares\Third_Party\FatFs\src\drivers\sd_diskio.o
 .debug_info    0x0000eb07     0x3a0e Middlewares\Third_Party\FatFs\src\ff.o
 .debug_info    0x00012515      0x4af Middlewares\Third_Party\FatFs\src\ff_gen_drv.o
 .debug_info    0x000129c4      0x631 Src\auth.o
 .debug_info    0x00012ff5      0xed8 Src\bsp_driver_sd.o
 .debug_info    0x00013ecd      0xb52 Src\display.o
 .debug_info    0x00014a1f      0x29b Src\fatfs.o
 .debug_info    0x00014cba      0x5b8 Src\gpio.o
 .debug_info    0x00015272      0x9e5 Src\i2c.o
 .debug_info    0x00015c57      0x79e Src\keyboard.o
 .debug_info    0x000163f5     0x1bf1 Src\main.o
 .debug_info    0x00017fe6      0xc63 Src\sdio.o
 .debug_info    0x00018c49      0x40e Src\stm32f4xx_hal_msp.o
 .debug_info    0x00019057      0x648 Src\stm32f4xx_it.o
 .debug_info    0x0001969f      0xae5 Src\tim.o

.debug_abbrev   0x00000000     0x3946
 .debug_abbrev  0x00000000       0x12 Drivers\CMSIS\Device\ST\STM32F4xx\Source\Templates\gcc\startup_stm32f446xx.o
 .debug_abbrev  0x00000012      0x101 Drivers\CMSIS\Device\ST\STM32F4xx\Source\Templates\system_stm32f4xx.o
 .debug_abbrev  0x00000113      0x244 Drivers\STM32F4xx_HAL_Driver\Src\stm32f4xx_hal.o
 .debug_abbrev  0x00000357      0x32f Drivers\STM32F4xx_HAL_Driver\Src\stm32f4xx_hal_cortex.o
 .debug_abbrev  0x00000686      0x1c8 Drivers\STM32F4xx_HAL_Driver\Src\stm32f4xx_hal_gpio.o
 .debug_abbrev  0x0000084e      0x336 Drivers\STM32F4xx_HAL_Driver\Src\stm32f4xx_hal_i2c.o
 .debug_abbrev  0x00000b84      0x31e Drivers\STM32F4xx_HAL_Driver\Src\stm32f4xx_hal_rcc.o
 .debug_abbrev  0x00000ea2      0x266 Drivers\STM32F4xx_HAL_Driver\Src\stm32f4xx_hal_rcc_ex.o
 .debug_abbrev  0x00001108      0x377 Drivers\STM32F4xx_HAL_Driver\Src\stm32f4xx_hal_sd.o
 .debug_abbrev  0x0000147f      0x311 Drivers\STM32F4xx_HAL_Driver\Src\stm32f4xx_hal_tim.o
 .debug_abbrev  0x00001790      0x270 Drivers\STM32F4xx_HAL_Driver\Src\stm32f4xx_hal_tim_ex.o
 .debug_abbrev  0x00001a00      0x1bb Drivers\STM32F4xx_HAL_Driver\Src\stm32f4xx_ll_sdmmc.o
 .debug_abbrev  0x00001bbb      0x18c Middlewares\Third_Party\FatFs\src\diskio.o
 .debug_abbrev  0x00001d47      0x1dd Middlewares\Third_Party\FatFs\src\drivers\sd_diskio.o
 .debug_abbrev  0x00001f24      0x393 Middlewares\Third_Party\FatFs\src\ff.o
 .debug_abbrev  0x000022b7      0x1db Middlewares\Third_Party\FatFs\src\ff_gen_drv.o
 .debug_abbrev  0x00002492      0x197 Src\auth.o
 .debug_abbrev  0x00002629      0x2c1 Src\bsp_driver_sd.o
 .debug_abbrev  0x000028ea      0x209 Src\display.o
 .debug_abbrev  0x00002af3      0x13c Src\fatfs.o
 .debug_abbrev  0x00002c2f      0x14e Src\gpio.o
 .debug_abbrev  0x00002d7d      0x1c1 Src\i2c.o
 .debug_abbrev  0x00002f3e      0x116 Src\keyboard.o
 .debug_abbrev  0x00003054      0x2eb Src\main.o
 .debug_abbrev  0x0000333f      0x1d0 Src\sdio.o
 .debug_abbrev  0x0000350f       0xc2 Src\stm32f4xx_hal_msp.o
 .debug_abbrev  0x000035d1      0x1ad Src\stm32f4xx_it.o
 .debug_abbrev  0x0000377e      0x1c8 Src\tim.o

.debug_aranges  0x00000000      0xe20
 .debug_aranges
                0x00000000       0x28 Drivers\CMSIS\Device\ST\STM32F4xx\Source\Templates\gcc\startup_stm32f446xx.o
 .debug_aranges
                0x00000028       0x28 Drivers\CMSIS\Device\ST\STM32F4xx\Source\Templates\system_stm32f4xx.o
 .debug_aranges
                0x00000050       0xb8 Drivers\STM32F4xx_HAL_Driver\Src\stm32f4xx_hal.o
 .debug_aranges
                0x00000108       0x98 Drivers\STM32F4xx_HAL_Driver\Src\stm32f4xx_hal_cortex.o
 .debug_aranges
                0x000001a0       0x58 Drivers\STM32F4xx_HAL_Driver\Src\stm32f4xx_hal_gpio.o
 .debug_aranges
                0x000001f8      0x190 Drivers\STM32F4xx_HAL_Driver\Src\stm32f4xx_hal_i2c.o
 .debug_aranges
                0x00000388       0x80 Drivers\STM32F4xx_HAL_Driver\Src\stm32f4xx_hal_rcc.o
 .debug_aranges
                0x00000408       0x58 Drivers\STM32F4xx_HAL_Driver\Src\stm32f4xx_hal_rcc_ex.o
 .debug_aranges
                0x00000460       0xe8 Drivers\STM32F4xx_HAL_Driver\Src\stm32f4xx_hal_sd.o
 .debug_aranges
                0x00000548      0x250 Drivers\STM32F4xx_HAL_Driver\Src\stm32f4xx_hal_tim.o
 .debug_aranges
                0x00000798       0xf0 Drivers\STM32F4xx_HAL_Driver\Src\stm32f4xx_hal_tim_ex.o
 .debug_aranges
                0x00000888       0x78 Drivers\STM32F4xx_HAL_Driver\Src\stm32f4xx_ll_sdmmc.o
 .debug_aranges
                0x00000900       0x48 Middlewares\Third_Party\FatFs\src\diskio.o
 .debug_aranges
                0x00000948       0x40 Middlewares\Third_Party\FatFs\src\drivers\sd_diskio.o
 .debug_aranges
                0x00000988      0x1b0 Middlewares\Third_Party\FatFs\src\ff.o
 .debug_aranges
                0x00000b38       0x40 Middlewares\Third_Party\FatFs\src\ff_gen_drv.o
 .debug_aranges
                0x00000b78       0x30 Src\auth.o
 .debug_aranges
                0x00000ba8       0x90 Src\bsp_driver_sd.o
 .debug_aranges
                0x00000c38       0x48 Src\display.o
 .debug_aranges
                0x00000c80       0x28 Src\fatfs.o
 .debug_aranges
                0x00000ca8       0x20 Src\gpio.o
 .debug_aranges
                0x00000cc8       0x30 Src\i2c.o
 .debug_aranges
                0x00000cf8       0x20 Src\keyboard.o
 .debug_aranges
                0x00000d18       0x38 Src\main.o
 .debug_aranges
                0x00000d50       0x30 Src\sdio.o
 .debug_aranges
                0x00000d80       0x20 Src\stm32f4xx_hal_msp.o
 .debug_aranges
                0x00000da0       0x50 Src\stm32f4xx_it.o
 .debug_aranges
                0x00000df0       0x30 Src\tim.o

.debug_ranges   0x00000000     0x1488
 .debug_ranges  0x00000000       0x20 Drivers\CMSIS\Device\ST\STM32F4xx\Source\Templates\gcc\startup_stm32f446xx.o
 .debug_ranges  0x00000020       0x18 Drivers\CMSIS\Device\ST\STM32F4xx\Source\Templates\system_stm32f4xx.o
 .debug_ranges  0x00000038       0xa8 Drivers\STM32F4xx_HAL_Driver\Src\stm32f4xx_hal.o
 .debug_ranges  0x000000e0      0x148 Drivers\STM32F4xx_HAL_Driver\Src\stm32f4xx_hal_cortex.o
 .debug_ranges  0x00000228       0x70 Drivers\STM32F4xx_HAL_Driver\Src\stm32f4xx_hal_gpio.o
 .debug_ranges  0x00000298      0x210 Drivers\STM32F4xx_HAL_Driver\Src\stm32f4xx_hal_i2c.o
 .debug_ranges  0x000004a8      0x150 Drivers\STM32F4xx_HAL_Driver\Src\stm32f4xx_hal_rcc.o
 .debug_ranges  0x000005f8      0x2d0 Drivers\STM32F4xx_HAL_Driver\Src\stm32f4xx_hal_rcc_ex.o
 .debug_ranges  0x000008c8      0x178 Drivers\STM32F4xx_HAL_Driver\Src\stm32f4xx_hal_sd.o
 .debug_ranges  0x00000a40      0x330 Drivers\STM32F4xx_HAL_Driver\Src\stm32f4xx_hal_tim.o
 .debug_ranges  0x00000d70       0xe0 Drivers\STM32F4xx_HAL_Driver\Src\stm32f4xx_hal_tim_ex.o
 .debug_ranges  0x00000e50       0x68 Drivers\STM32F4xx_HAL_Driver\Src\stm32f4xx_ll_sdmmc.o
 .debug_ranges  0x00000eb8       0x38 Middlewares\Third_Party\FatFs\src\diskio.o
 .debug_ranges  0x00000ef0       0x30 Middlewares\Third_Party\FatFs\src\drivers\sd_diskio.o
 .debug_ranges  0x00000f20      0x280 Middlewares\Third_Party\FatFs\src\ff.o
 .debug_ranges  0x000011a0       0x30 Middlewares\Third_Party\FatFs\src\ff_gen_drv.o
 .debug_ranges  0x000011d0       0x20 Src\auth.o
 .debug_ranges  0x000011f0       0x80 Src\bsp_driver_sd.o
 .debug_ranges  0x00001270       0x38 Src\display.o
 .debug_ranges  0x000012a8       0x18 Src\fatfs.o
 .debug_ranges  0x000012c0       0x48 Src\gpio.o
 .debug_ranges  0x00001308       0x20 Src\i2c.o
 .debug_ranges  0x00001328       0x10 Src\keyboard.o
 .debug_ranges  0x00001338       0x88 Src\main.o
 .debug_ranges  0x000013c0       0x40 Src\sdio.o
 .debug_ranges  0x00001400       0x10 Src\stm32f4xx_hal_msp.o
 .debug_ranges  0x00001410       0x40 Src\stm32f4xx_it.o
 .debug_ranges  0x00001450       0x38 Src\tim.o

.debug_loc      0x00000000     0xf09b
 .debug_loc     0x00000000       0xd7 Drivers\CMSIS\Device\ST\STM32F4xx\Source\Templates\system_stm32f4xx.o
 .debug_loc     0x000000d7       0x92 Drivers\STM32F4xx_HAL_Driver\Src\stm32f4xx_hal.o
 .debug_loc     0x00000169      0x4ab Drivers\STM32F4xx_HAL_Driver\Src\stm32f4xx_hal_cortex.o
 .debug_loc     0x00000614      0x374 Drivers\STM32F4xx_HAL_Driver\Src\stm32f4xx_hal_gpio.o
 .debug_loc     0x00000988     0x2856 Drivers\STM32F4xx_HAL_Driver\Src\stm32f4xx_hal_i2c.o
 .debug_loc     0x000031de      0x49b Drivers\STM32F4xx_HAL_Driver\Src\stm32f4xx_hal_rcc.o
 .debug_loc     0x00003679      0xcf3 Drivers\STM32F4xx_HAL_Driver\Src\stm32f4xx_hal_rcc_ex.o
 .debug_loc     0x0000436c     0x1cb6 Drivers\STM32F4xx_HAL_Driver\Src\stm32f4xx_hal_sd.o
 .debug_loc     0x00006022     0x3146 Drivers\STM32F4xx_HAL_Driver\Src\stm32f4xx_hal_tim.o
 .debug_loc     0x00009168      0x7b9 Drivers\STM32F4xx_HAL_Driver\Src\stm32f4xx_hal_tim_ex.o
 .debug_loc     0x00009921      0x2b9 Drivers\STM32F4xx_HAL_Driver\Src\stm32f4xx_ll_sdmmc.o
 .debug_loc     0x00009bda      0x1c6 Middlewares\Third_Party\FatFs\src\diskio.o
 .debug_loc     0x00009da0      0x308 Middlewares\Third_Party\FatFs\src\drivers\sd_diskio.o
 .debug_loc     0x0000a0a8     0x4578 Middlewares\Third_Party\FatFs\src\ff.o
 .debug_loc     0x0000e620      0x2cc Middlewares\Third_Party\FatFs\src\ff_gen_drv.o
 .debug_loc     0x0000e8ec       0xfd Src\auth.o
 .debug_loc     0x0000e9e9      0x36a Src\bsp_driver_sd.o
 .debug_loc     0x0000ed53       0x79 Src\display.o
 .debug_loc     0x0000edcc       0x4d Src\i2c.o
 .debug_loc     0x0000ee19      0x1e8 Src\main.o
 .debug_loc     0x0000f001       0x4d Src\sdio.o
 .debug_loc     0x0000f04e       0x4d Src\tim.o

.debug_str      0x00000000     0x4f08
 .debug_str     0x00000000      0x382 Drivers\CMSIS\Device\ST\STM32F4xx\Source\Templates\system_stm32f4xx.o
                                0x3e7 (size before relaxing)
 .debug_str     0x00000382      0x7ec Drivers\STM32F4xx_HAL_Driver\Src\stm32f4xx_hal.o
                                0xb0a (size before relaxing)
 .debug_str     0x00000b6e      0x33a Drivers\STM32F4xx_HAL_Driver\Src\stm32f4xx_hal_cortex.o
                                0xc45 (size before relaxing)
 .debug_str     0x00000ea8      0x1d8 Drivers\STM32F4xx_HAL_Driver\Src\stm32f4xx_hal_gpio.o
                                0x536 (size before relaxing)
 .debug_str     0x00001080      0xbab Drivers\STM32F4xx_HAL_Driver\Src\stm32f4xx_hal_i2c.o
                                0xe62 (size before relaxing)
 .debug_str     0x00001c2b      0x2a6 Drivers\STM32F4xx_HAL_Driver\Src\stm32f4xx_hal_rcc.o
                                0x707 (size before relaxing)
 .debug_str     0x00001ed1      0x2df Drivers\STM32F4xx_HAL_Driver\Src\stm32f4xx_hal_rcc_ex.o
                                0x776 (size before relaxing)
 .debug_str     0x000021b0      0xe9d Drivers\STM32F4xx_HAL_Driver\Src\stm32f4xx_hal_sd.o
                               0x13a4 (size before relaxing)
 .debug_str     0x0000304d      0xc69 Drivers\STM32F4xx_HAL_Driver\Src\stm32f4xx_hal_tim.o
                               0x113c (size before relaxing)
 .debug_str     0x00003cb6      0x432 Drivers\STM32F4xx_HAL_Driver\Src\stm32f4xx_hal_tim_ex.o
                                0xb8b (size before relaxing)
 .debug_str     0x000040e8       0xcc Drivers\STM32F4xx_HAL_Driver\Src\stm32f4xx_ll_sdmmc.o
                                0x4ec (size before relaxing)
 .debug_str     0x000041b4      0x109 Middlewares\Third_Party\FatFs\src\diskio.o
                                0x2d4 (size before relaxing)
 .debug_str     0x000042bd       0xcf Middlewares\Third_Party\FatFs\src\drivers\sd_diskio.o
                                0x623 (size before relaxing)
 .debug_str     0x0000438c      0x55a Middlewares\Third_Party\FatFs\src\ff.o
                                0x80a (size before relaxing)
 .debug_str     0x000048e6       0xa2 Middlewares\Third_Party\FatFs\src\ff_gen_drv.o
                                0x339 (size before relaxing)
 .debug_str     0x00004988       0x87 Src\auth.o
                                0x465 (size before relaxing)
 .debug_str     0x00004a0f      0x117 Src\bsp_driver_sd.o
                                0xe0a (size before relaxing)
 .debug_str     0x00004b26       0xf6 Src\display.o
                                0x836 (size before relaxing)
 .debug_str     0x00004c1c       0x2b Src\fatfs.o
                                0x2c0 (size before relaxing)
 .debug_str     0x00004c47       0x1b Src\gpio.o
                                0x3bd (size before relaxing)
 .debug_str     0x00004c62       0x54 Src\i2c.o
                                0x8ee (size before relaxing)
 .debug_str     0x00004cb6       0x25 Src\keyboard.o
                                0x271 (size before relaxing)
 .debug_str     0x00004cdb       0xf1 Src\main.o
                               0x146b (size before relaxing)
 .debug_str     0x00004dcc       0x37 Src\sdio.o
                                0x9f8 (size before relaxing)
 .debug_str     0x00004e03       0x27 Src\stm32f4xx_hal_msp.o
                                0x745 (size before relaxing)
 .debug_str     0x00004e2a       0x96 Src\stm32f4xx_it.o
                                0x69d (size before relaxing)
 .debug_str     0x00004ec0       0x48 Src\tim.o
                                0xd00 (size before relaxing)

.comment        0x00000000       0x7e
 .comment       0x00000000       0x7e Drivers\CMSIS\Device\ST\STM32F4xx\Source\Templates\system_stm32f4xx.o
                                 0x7f (size before relaxing)
 .comment       0x0000007e       0x7f Drivers\STM32F4xx_HAL_Driver\Src\stm32f4xx_hal.o
 .comment       0x0000007e       0x7f Drivers\STM32F4xx_HAL_Driver\Src\stm32f4xx_hal_cortex.o
 .comment       0x0000007e       0x7f Drivers\STM32F4xx_HAL_Driver\Src\stm32f4xx_hal_gpio.o
 .comment       0x0000007e       0x7f Drivers\STM32F4xx_HAL_Driver\Src\stm32f4xx_hal_i2c.o
 .comment       0x0000007e       0x7f Drivers\STM32F4xx_HAL_Driver\Src\stm32f4xx_hal_rcc.o
 .comment       0x0000007e       0x7f Drivers\STM32F4xx_HAL_Driver\Src\stm32f4xx_hal_rcc_ex.o
 .comment       0x0000007e       0x7f Drivers\STM32F4xx_HAL_Driver\Src\stm32f4xx_hal_sd.o
 .comment       0x0000007e       0x7f Drivers\STM32F4xx_HAL_Driver\Src\stm32f4xx_hal_tim.o
 .comment       0x0000007e       0x7f Drivers\STM32F4xx_HAL_Driver\Src\stm32f4xx_hal_tim_ex.o
 .comment       0x0000007e       0x7f Drivers\STM32F4xx_HAL_Driver\Src\stm32f4xx_ll_sdmmc.o
 .comment       0x0000007e       0x7f Middlewares\Third_Party\FatFs\src\diskio.o
 .comment       0x0000007e       0x7f Middlewares\Third_Party\FatFs\src\drivers\sd_diskio.o
 .comment       0x0000007e       0x7f Middlewares\Third_Party\FatFs\src\ff.o
 .comment       0x0000007e       0x7f Middlewares\Third_Party\FatFs\src\ff_gen_drv.o
 .comment       0x0000007e       0x7f Src\auth.o
 .comment       0x0000007e       0x7f Src\bsp_driver_sd.o
 .comment       0x0000007e       0x7f Src\display.o
 .comment       0x0000007e       0x7f Src\fatfs.o
 .comment       0x0000007e       0x7f Src\gpio.o
 .comment       0x0000007e       0x7f Src\i2c.o
 .comment       0x0000007e       0x7f Src\keyboard.o
 .comment       0x0000007e       0x7f Src\main.o
 .comment       0x0000007e       0x7f Src\sdio.o
 .comment       0x0000007e       0x7f Src\stm32f4xx_hal_msp.o
 .comment       0x0000007e       0x7f Src\stm32f4xx_it.o
 .comment       0x0000007e       0x7f Src\tim.o

.debug_frame    0x00000000     0x29e0
 .debug_frame   0x00000000       0x30 Drivers\CMSIS\Device\ST\STM32F4xx\Source\Templates\system_stm32f4xx.o
 .debug_frame   0x00000030      0x184 Drivers\STM32F4xx_HAL_Driver\Src\stm32f4xx_hal.o
 .debug_frame   0x000001b4      0x130 Drivers\STM32F4xx_HAL_Driver\Src\stm32f4xx_hal_cortex.o
 .debug_frame   0x000002e4       0xd4 Drivers\STM32F4xx_HAL_Driver\Src\stm32f4xx_hal_gpio.o
 .debug_frame   0x000003b8      0x63c Drivers\STM32F4xx_HAL_Driver\Src\stm32f4xx_hal_i2c.o
 .debug_frame   0x000009f4      0x138 Drivers\STM32F4xx_HAL_Driver\Src\stm32f4xx_hal_rcc.o
 .debug_frame   0x00000b2c       0xd8 Drivers\STM32F4xx_HAL_Driver\Src\stm32f4xx_hal_rcc_ex.o
 .debug_frame   0x00000c04      0x3b8 Drivers\STM32F4xx_HAL_Driver\Src\stm32f4xx_hal_sd.o
 .debug_frame   0x00000fbc      0x854 Drivers\STM32F4xx_HAL_Driver\Src\stm32f4xx_hal_tim.o
 .debug_frame   0x00001810      0x334 Drivers\STM32F4xx_HAL_Driver\Src\stm32f4xx_hal_tim_ex.o
 .debug_frame   0x00001b44      0x10c Drivers\STM32F4xx_HAL_Driver\Src\stm32f4xx_ll_sdmmc.o
 .debug_frame   0x00001c50       0x94 Middlewares\Third_Party\FatFs\src\diskio.o
 .debug_frame   0x00001ce4       0x90 Middlewares\Third_Party\FatFs\src\drivers\sd_diskio.o
 .debug_frame   0x00001d74      0x638 Middlewares\Third_Party\FatFs\src\ff.o
 .debug_frame   0x000023ac       0x6c Middlewares\Third_Party\FatFs\src\ff_gen_drv.o
 .debug_frame   0x00002418       0x60 Src\auth.o
 .debug_frame   0x00002478      0x138 Src\bsp_driver_sd.o
 .debug_frame   0x000025b0       0xb0 Src\display.o
 .debug_frame   0x00002660       0x38 Src\fatfs.o
 .debug_frame   0x00002698       0x3c Src\gpio.o
 .debug_frame   0x000026d4       0x58 Src\i2c.o
 .debug_frame   0x0000272c       0x28 Src\keyboard.o
 .debug_frame   0x00002754       0x74 Src\main.o
 .debug_frame   0x000027c8       0x64 Src\sdio.o
 .debug_frame   0x0000282c       0x2c Src\stm32f4xx_hal_msp.o
 .debug_frame   0x00002858       0xbc Src\stm32f4xx_it.o
 .debug_frame   0x00002914       0x58 Src\tim.o
 .debug_frame   0x0000296c       0x2c c:/program files (x86)/atollic/truestudio for arm 6.0.0/armtools/bin/../lib/gcc/arm-atollic-eabi/5.3.1/../../../../arm-atollic-eabi/lib/armv7e-m/fpu\libc.a(lib_a-init.o)
 .debug_frame   0x00002998       0x28 c:/program files (x86)/atollic/truestudio for arm 6.0.0/armtools/bin/../lib/gcc/arm-atollic-eabi/5.3.1/../../../../arm-atollic-eabi/lib/armv7e-m/fpu\libc.a(lib_a-strcat.o)
 .debug_frame   0x000029c0       0x20 c:/program files (x86)/atollic/truestudio for arm 6.0.0/armtools/bin/../lib/gcc/arm-atollic-eabi/5.3.1/../../../../arm-atollic-eabi/lib/armv7e-m/fpu\libc.a(lib_a-strcmp.o)

Cross Reference Table

Symbol                                            File
ADC_IRQHandler                                    Drivers\CMSIS\Device\ST\STM32F4xx\Source\Templates\gcc\startup_stm32f446xx.o
AHBPrescTable                                     Drivers\CMSIS\Device\ST\STM32F4xx\Source\Templates\system_stm32f4xx.o
APBAHBPrescTable                                  Drivers\STM32F4xx_HAL_Driver\Src\stm32f4xx_hal_rcc.o
BSP_SD_DMA_Rx_IRQHandler                          Src\bsp_driver_sd.o
BSP_SD_DMA_Tx_IRQHandler                          Src\bsp_driver_sd.o
BSP_SD_DetectCallback                             Src\bsp_driver_sd.o
BSP_SD_DetectIT                                   Src\bsp_driver_sd.o
BSP_SD_Erase                                      Src\bsp_driver_sd.o
BSP_SD_GetCardInfo                                Src\bsp_driver_sd.o
                                                  Middlewares\Third_Party\FatFs\src\drivers\sd_diskio.o
BSP_SD_GetStatus                                  Src\bsp_driver_sd.o
                                                  Middlewares\Third_Party\FatFs\src\drivers\sd_diskio.o
BSP_SD_IRQHandler                                 Src\bsp_driver_sd.o
BSP_SD_ITConfig                                   Src\bsp_driver_sd.o
BSP_SD_Init                                       Src\bsp_driver_sd.o
                                                  Middlewares\Third_Party\FatFs\src\drivers\sd_diskio.o
BSP_SD_IsDetected                                 Src\bsp_driver_sd.o
BSP_SD_ReadBlocks                                 Src\bsp_driver_sd.o
                                                  Middlewares\Third_Party\FatFs\src\drivers\sd_diskio.o
BSP_SD_ReadBlocks_DMA                             Src\bsp_driver_sd.o
BSP_SD_WriteBlocks                                Src\bsp_driver_sd.o
                                                  Middlewares\Third_Party\FatFs\src\drivers\sd_diskio.o
BSP_SD_WriteBlocks_DMA                            Src\bsp_driver_sd.o
BusFault_Handler                                  Src\stm32f4xx_it.o
                                                  Drivers\CMSIS\Device\ST\STM32F4xx\Source\Templates\gcc\startup_stm32f446xx.o
CAN1_RX0_IRQHandler                               Drivers\CMSIS\Device\ST\STM32F4xx\Source\Templates\gcc\startup_stm32f446xx.o
CAN1_RX1_IRQHandler                               Drivers\CMSIS\Device\ST\STM32F4xx\Source\Templates\gcc\startup_stm32f446xx.o
CAN1_SCE_IRQHandler                               Drivers\CMSIS\Device\ST\STM32F4xx\Source\Templates\gcc\startup_stm32f446xx.o
CAN1_TX_IRQHandler                                Drivers\CMSIS\Device\ST\STM32F4xx\Source\Templates\gcc\startup_stm32f446xx.o
CAN2_RX0_IRQHandler                               Drivers\CMSIS\Device\ST\STM32F4xx\Source\Templates\gcc\startup_stm32f446xx.o
CAN2_RX1_IRQHandler                               Drivers\CMSIS\Device\ST\STM32F4xx\Source\Templates\gcc\startup_stm32f446xx.o
CAN2_SCE_IRQHandler                               Drivers\CMSIS\Device\ST\STM32F4xx\Source\Templates\gcc\startup_stm32f446xx.o
CAN2_TX_IRQHandler                                Drivers\CMSIS\Device\ST\STM32F4xx\Source\Templates\gcc\startup_stm32f446xx.o
CEC_IRQHandler                                    Drivers\CMSIS\Device\ST\STM32F4xx\Source\Templates\gcc\startup_stm32f446xx.o
DCMI_IRQHandler                                   Drivers\CMSIS\Device\ST\STM32F4xx\Source\Templates\gcc\startup_stm32f446xx.o
DMA1_Stream0_IRQHandler                           Drivers\CMSIS\Device\ST\STM32F4xx\Source\Templates\gcc\startup_stm32f446xx.o
DMA1_Stream1_IRQHandler                           Drivers\CMSIS\Device\ST\STM32F4xx\Source\Templates\gcc\startup_stm32f446xx.o
DMA1_Stream2_IRQHandler                           Drivers\CMSIS\Device\ST\STM32F4xx\Source\Templates\gcc\startup_stm32f446xx.o
DMA1_Stream3_IRQHandler                           Drivers\CMSIS\Device\ST\STM32F4xx\Source\Templates\gcc\startup_stm32f446xx.o
DMA1_Stream4_IRQHandler                           Drivers\CMSIS\Device\ST\STM32F4xx\Source\Templates\gcc\startup_stm32f446xx.o
DMA1_Stream5_IRQHandler                           Drivers\CMSIS\Device\ST\STM32F4xx\Source\Templates\gcc\startup_stm32f446xx.o
DMA1_Stream6_IRQHandler                           Drivers\CMSIS\Device\ST\STM32F4xx\Source\Templates\gcc\startup_stm32f446xx.o
DMA1_Stream7_IRQHandler                           Drivers\CMSIS\Device\ST\STM32F4xx\Source\Templates\gcc\startup_stm32f446xx.o
DMA2_Stream0_IRQHandler                           Drivers\CMSIS\Device\ST\STM32F4xx\Source\Templates\gcc\startup_stm32f446xx.o
DMA2_Stream1_IRQHandler                           Drivers\CMSIS\Device\ST\STM32F4xx\Source\Templates\gcc\startup_stm32f446xx.o
DMA2_Stream2_IRQHandler                           Drivers\CMSIS\Device\ST\STM32F4xx\Source\Templates\gcc\startup_stm32f446xx.o
DMA2_Stream3_IRQHandler                           Drivers\CMSIS\Device\ST\STM32F4xx\Source\Templates\gcc\startup_stm32f446xx.o
DMA2_Stream4_IRQHandler                           Drivers\CMSIS\Device\ST\STM32F4xx\Source\Templates\gcc\startup_stm32f446xx.o
DMA2_Stream5_IRQHandler                           Drivers\CMSIS\Device\ST\STM32F4xx\Source\Templates\gcc\startup_stm32f446xx.o
DMA2_Stream6_IRQHandler                           Drivers\CMSIS\Device\ST\STM32F4xx\Source\Templates\gcc\startup_stm32f446xx.o
DMA2_Stream7_IRQHandler                           Drivers\CMSIS\Device\ST\STM32F4xx\Source\Templates\gcc\startup_stm32f446xx.o
DebugMon_Handler                                  Src\stm32f4xx_it.o
                                                  Drivers\CMSIS\Device\ST\STM32F4xx\Source\Templates\gcc\startup_stm32f446xx.o
Default_Handler                                   Drivers\CMSIS\Device\ST\STM32F4xx\Source\Templates\gcc\startup_stm32f446xx.o
EXTI0_IRQHandler                                  Drivers\CMSIS\Device\ST\STM32F4xx\Source\Templates\gcc\startup_stm32f446xx.o
EXTI15_10_IRQHandler                              Drivers\CMSIS\Device\ST\STM32F4xx\Source\Templates\gcc\startup_stm32f446xx.o
EXTI1_IRQHandler                                  Drivers\CMSIS\Device\ST\STM32F4xx\Source\Templates\gcc\startup_stm32f446xx.o
EXTI2_IRQHandler                                  Drivers\CMSIS\Device\ST\STM32F4xx\Source\Templates\gcc\startup_stm32f446xx.o
EXTI3_IRQHandler                                  Drivers\CMSIS\Device\ST\STM32F4xx\Source\Templates\gcc\startup_stm32f446xx.o
EXTI4_IRQHandler                                  Drivers\CMSIS\Device\ST\STM32F4xx\Source\Templates\gcc\startup_stm32f446xx.o
EXTI9_5_IRQHandler                                Drivers\CMSIS\Device\ST\STM32F4xx\Source\Templates\gcc\startup_stm32f446xx.o
Error_Handler                                     Src\main.o
                                                  Src\tim.o
                                                  Src\i2c.o
FATFS_GetAttachedDriversNbr                       Middlewares\Third_Party\FatFs\src\ff_gen_drv.o
FATFS_LinkDriver                                  Middlewares\Third_Party\FatFs\src\ff_gen_drv.o
                                                  Src\fatfs.o
FATFS_LinkDriverEx                                Middlewares\Third_Party\FatFs\src\ff_gen_drv.o
FATFS_UnLinkDriver                                Middlewares\Third_Party\FatFs\src\ff_gen_drv.o
FATFS_UnLinkDriverEx                              Middlewares\Third_Party\FatFs\src\ff_gen_drv.o
FLASH_Erase_Sector                                Drivers\STM32F4xx_HAL_Driver\Src\stm32f4xx_hal_flash_ex.o
                                                  Drivers\STM32F4xx_HAL_Driver\Src\stm32f4xx_hal_flash.o
FLASH_FlushCaches                                 Drivers\STM32F4xx_HAL_Driver\Src\stm32f4xx_hal_flash_ex.o
                                                  Drivers\STM32F4xx_HAL_Driver\Src\stm32f4xx_hal_flash.o
FLASH_IRQHandler                                  Drivers\CMSIS\Device\ST\STM32F4xx\Source\Templates\gcc\startup_stm32f446xx.o
FLASH_WaitForLastOperation                        Drivers\STM32F4xx_HAL_Driver\Src\stm32f4xx_hal_flash.o
                                                  Drivers\STM32F4xx_HAL_Driver\Src\stm32f4xx_hal_flash_ex.o
FMC_IRQHandler                                    Drivers\CMSIS\Device\ST\STM32F4xx\Source\Templates\gcc\startup_stm32f446xx.o
FMPI2C1_Error_IRQHandler                          Drivers\CMSIS\Device\ST\STM32F4xx\Source\Templates\gcc\startup_stm32f446xx.o
FMPI2C1_Event_IRQHandler                          Drivers\CMSIS\Device\ST\STM32F4xx\Source\Templates\gcc\startup_stm32f446xx.o
FPU_IRQHandler                                    Drivers\CMSIS\Device\ST\STM32F4xx\Source\Templates\gcc\startup_stm32f446xx.o
HAL_DBGMCU_DisableDBGSleepMode                    Drivers\STM32F4xx_HAL_Driver\Src\stm32f4xx_hal.o
HAL_DBGMCU_DisableDBGStandbyMode                  Drivers\STM32F4xx_HAL_Driver\Src\stm32f4xx_hal.o
HAL_DBGMCU_DisableDBGStopMode                     Drivers\STM32F4xx_HAL_Driver\Src\stm32f4xx_hal.o
HAL_DBGMCU_EnableDBGSleepMode                     Drivers\STM32F4xx_HAL_Driver\Src\stm32f4xx_hal.o
HAL_DBGMCU_EnableDBGStandbyMode                   Drivers\STM32F4xx_HAL_Driver\Src\stm32f4xx_hal.o
HAL_DBGMCU_EnableDBGStopMode                      Drivers\STM32F4xx_HAL_Driver\Src\stm32f4xx_hal.o
HAL_DMAEx_ChangeMemory                            Drivers\STM32F4xx_HAL_Driver\Src\stm32f4xx_hal_dma_ex.o
HAL_DMAEx_MultiBufferStart                        Drivers\STM32F4xx_HAL_Driver\Src\stm32f4xx_hal_dma_ex.o
HAL_DMAEx_MultiBufferStart_IT                     Drivers\STM32F4xx_HAL_Driver\Src\stm32f4xx_hal_dma_ex.o
HAL_DMA_Abort                                     Drivers\STM32F4xx_HAL_Driver\Src\stm32f4xx_hal_dma.o
                                                  Drivers\STM32F4xx_HAL_Driver\Src\stm32f4xx_hal_tim.o
                                                  Drivers\STM32F4xx_HAL_Driver\Src\stm32f4xx_hal_sd.o
HAL_DMA_Abort_IT                                  Drivers\STM32F4xx_HAL_Driver\Src\stm32f4xx_hal_dma.o
                                                  Drivers\STM32F4xx_HAL_Driver\Src\stm32f4xx_hal_i2c.o
HAL_DMA_DeInit                                    Drivers\STM32F4xx_HAL_Driver\Src\stm32f4xx_hal_dma.o
HAL_DMA_GetError                                  Drivers\STM32F4xx_HAL_Driver\Src\stm32f4xx_hal_dma.o
HAL_DMA_GetState                                  Drivers\STM32F4xx_HAL_Driver\Src\stm32f4xx_hal_dma.o
HAL_DMA_IRQHandler                                Drivers\STM32F4xx_HAL_Driver\Src\stm32f4xx_hal_dma.o
                                                  Src\bsp_driver_sd.o
HAL_DMA_Init                                      Drivers\STM32F4xx_HAL_Driver\Src\stm32f4xx_hal_dma.o
HAL_DMA_PollForTransfer                           Drivers\STM32F4xx_HAL_Driver\Src\stm32f4xx_hal_dma.o
HAL_DMA_RegisterCallback                          Drivers\STM32F4xx_HAL_Driver\Src\stm32f4xx_hal_dma.o
HAL_DMA_Start                                     Drivers\STM32F4xx_HAL_Driver\Src\stm32f4xx_hal_dma.o
HAL_DMA_Start_IT                                  Drivers\STM32F4xx_HAL_Driver\Src\stm32f4xx_hal_dma.o
                                                  Drivers\STM32F4xx_HAL_Driver\Src\stm32f4xx_hal_tim_ex.o
                                                  Drivers\STM32F4xx_HAL_Driver\Src\stm32f4xx_hal_tim.o
                                                  Drivers\STM32F4xx_HAL_Driver\Src\stm32f4xx_hal_sd.o
                                                  Drivers\STM32F4xx_HAL_Driver\Src\stm32f4xx_hal_i2c.o
HAL_DMA_UnRegisterCallback                        Drivers\STM32F4xx_HAL_Driver\Src\stm32f4xx_hal_dma.o
HAL_DeInit                                        Drivers\STM32F4xx_HAL_Driver\Src\stm32f4xx_hal.o
HAL_Delay                                         Drivers\STM32F4xx_HAL_Driver\Src\stm32f4xx_hal.o
                                                  Src\sd_card.o
                                                  Src\main.o
                                                  Src\keyboard.o
                                                  Src\display.o
                                                  Drivers\STM32F4xx_HAL_Driver\Src\stm32f4xx_hal_sd.o
HAL_DisableCompensationCell                       Drivers\STM32F4xx_HAL_Driver\Src\stm32f4xx_hal.o
HAL_EnableCompensationCell                        Drivers\STM32F4xx_HAL_Driver\Src\stm32f4xx_hal.o
HAL_FLASHEx_AdvOBGetConfig                        Drivers\STM32F4xx_HAL_Driver\Src\stm32f4xx_hal_flash_ex.o
HAL_FLASHEx_AdvOBProgram                          Drivers\STM32F4xx_HAL_Driver\Src\stm32f4xx_hal_flash_ex.o
HAL_FLASHEx_DisableFlashSleepMode                 Drivers\STM32F4xx_HAL_Driver\Src\stm32f4xx_hal_flash_ramfunc.o
HAL_FLASHEx_EnableFlashSleepMode                  Drivers\STM32F4xx_HAL_Driver\Src\stm32f4xx_hal_flash_ramfunc.o
HAL_FLASHEx_Erase                                 Drivers\STM32F4xx_HAL_Driver\Src\stm32f4xx_hal_flash_ex.o
HAL_FLASHEx_Erase_IT                              Drivers\STM32F4xx_HAL_Driver\Src\stm32f4xx_hal_flash_ex.o
HAL_FLASHEx_OBGetConfig                           Drivers\STM32F4xx_HAL_Driver\Src\stm32f4xx_hal_flash_ex.o
HAL_FLASHEx_OBProgram                             Drivers\STM32F4xx_HAL_Driver\Src\stm32f4xx_hal_flash_ex.o
HAL_FLASHEx_OB_DeSelectPCROP                      Drivers\STM32F4xx_HAL_Driver\Src\stm32f4xx_hal_flash_ex.o
HAL_FLASHEx_OB_SelectPCROP                        Drivers\STM32F4xx_HAL_Driver\Src\stm32f4xx_hal_flash_ex.o
HAL_FLASHEx_StartFlashInterfaceClk                Drivers\STM32F4xx_HAL_Driver\Src\stm32f4xx_hal_flash_ramfunc.o
HAL_FLASHEx_StopFlashInterfaceClk                 Drivers\STM32F4xx_HAL_Driver\Src\stm32f4xx_hal_flash_ramfunc.o
HAL_FLASH_EndOfOperationCallback                  Drivers\STM32F4xx_HAL_Driver\Src\stm32f4xx_hal_flash.o
HAL_FLASH_GetError                                Drivers\STM32F4xx_HAL_Driver\Src\stm32f4xx_hal_flash.o
HAL_FLASH_IRQHandler                              Drivers\STM32F4xx_HAL_Driver\Src\stm32f4xx_hal_flash.o
HAL_FLASH_Lock                                    Drivers\STM32F4xx_HAL_Driver\Src\stm32f4xx_hal_flash.o
HAL_FLASH_OB_Launch                               Drivers\STM32F4xx_HAL_Driver\Src\stm32f4xx_hal_flash.o
HAL_FLASH_OB_Lock                                 Drivers\STM32F4xx_HAL_Driver\Src\stm32f4xx_hal_flash.o
HAL_FLASH_OB_Unlock                               Drivers\STM32F4xx_HAL_Driver\Src\stm32f4xx_hal_flash.o
HAL_FLASH_OperationErrorCallback                  Drivers\STM32F4xx_HAL_Driver\Src\stm32f4xx_hal_flash.o
HAL_FLASH_Program                                 Drivers\STM32F4xx_HAL_Driver\Src\stm32f4xx_hal_flash.o
HAL_FLASH_Program_IT                              Drivers\STM32F4xx_HAL_Driver\Src\stm32f4xx_hal_flash.o
HAL_FLASH_Unlock                                  Drivers\STM32F4xx_HAL_Driver\Src\stm32f4xx_hal_flash.o
HAL_GPIO_DeInit                                   Drivers\STM32F4xx_HAL_Driver\Src\stm32f4xx_hal_gpio.o
                                                  Src\sdio.o
                                                  Src\i2c.o
HAL_GPIO_EXTI_Callback                            Drivers\STM32F4xx_HAL_Driver\Src\stm32f4xx_hal_gpio.o
HAL_GPIO_EXTI_IRQHandler                          Drivers\STM32F4xx_HAL_Driver\Src\stm32f4xx_hal_gpio.o
HAL_GPIO_Init                                     Drivers\STM32F4xx_HAL_Driver\Src\stm32f4xx_hal_gpio.o
                                                  Src\sdio.o
                                                  Src\i2c.o
                                                  Src\gpio.o
                                                  Drivers\STM32F4xx_HAL_Driver\Src\stm32f4xx_hal_rcc.o
HAL_GPIO_LockPin                                  Drivers\STM32F4xx_HAL_Driver\Src\stm32f4xx_hal_gpio.o
HAL_GPIO_ReadPin                                  Drivers\STM32F4xx_HAL_Driver\Src\stm32f4xx_hal_gpio.o
                                                  Src\keyboard.o
HAL_GPIO_TogglePin                                Drivers\STM32F4xx_HAL_Driver\Src\stm32f4xx_hal_gpio.o
                                                  Src\main.o
HAL_GPIO_WritePin                                 Drivers\STM32F4xx_HAL_Driver\Src\stm32f4xx_hal_gpio.o
                                                  Src\keyboard.o
                                                  Src\gpio.o
                                                  Src\display.o
HAL_GetDEVID                                      Drivers\STM32F4xx_HAL_Driver\Src\stm32f4xx_hal.o
HAL_GetHalVersion                                 Drivers\STM32F4xx_HAL_Driver\Src\stm32f4xx_hal.o
HAL_GetREVID                                      Drivers\STM32F4xx_HAL_Driver\Src\stm32f4xx_hal.o
HAL_GetTick                                       Drivers\STM32F4xx_HAL_Driver\Src\stm32f4xx_hal.o
                                                  Drivers\STM32F4xx_HAL_Driver\Src\stm32f4xx_hal_rcc_ex.o
                                                  Drivers\STM32F4xx_HAL_Driver\Src\stm32f4xx_hal_rcc.o
                                                  Drivers\STM32F4xx_HAL_Driver\Src\stm32f4xx_hal_pwr_ex.o
                                                  Drivers\STM32F4xx_HAL_Driver\Src\stm32f4xx_hal_i2c.o
                                                  Drivers\STM32F4xx_HAL_Driver\Src\stm32f4xx_hal_flash.o
                                                  Drivers\STM32F4xx_HAL_Driver\Src\stm32f4xx_hal_dma.o
HAL_I2CEx_ConfigAnalogFilter                      Drivers\STM32F4xx_HAL_Driver\Src\stm32f4xx_hal_i2c_ex.o
HAL_I2CEx_ConfigDigitalFilter                     Drivers\STM32F4xx_HAL_Driver\Src\stm32f4xx_hal_i2c_ex.o
HAL_I2C_AbortCpltCallback                         Drivers\STM32F4xx_HAL_Driver\Src\stm32f4xx_hal_i2c.o
HAL_I2C_AddrCallback                              Drivers\STM32F4xx_HAL_Driver\Src\stm32f4xx_hal_i2c.o
HAL_I2C_DeInit                                    Drivers\STM32F4xx_HAL_Driver\Src\stm32f4xx_hal_i2c.o
HAL_I2C_DisableListen_IT                          Drivers\STM32F4xx_HAL_Driver\Src\stm32f4xx_hal_i2c.o
HAL_I2C_ER_IRQHandler                             Drivers\STM32F4xx_HAL_Driver\Src\stm32f4xx_hal_i2c.o
HAL_I2C_EV_IRQHandler                             Drivers\STM32F4xx_HAL_Driver\Src\stm32f4xx_hal_i2c.o
HAL_I2C_EnableListen_IT                           Drivers\STM32F4xx_HAL_Driver\Src\stm32f4xx_hal_i2c.o
HAL_I2C_ErrorCallback                             Drivers\STM32F4xx_HAL_Driver\Src\stm32f4xx_hal_i2c.o
HAL_I2C_GetError                                  Drivers\STM32F4xx_HAL_Driver\Src\stm32f4xx_hal_i2c.o
HAL_I2C_GetMode                                   Drivers\STM32F4xx_HAL_Driver\Src\stm32f4xx_hal_i2c.o
HAL_I2C_GetState                                  Drivers\STM32F4xx_HAL_Driver\Src\stm32f4xx_hal_i2c.o
HAL_I2C_Init                                      Drivers\STM32F4xx_HAL_Driver\Src\stm32f4xx_hal_i2c.o
                                                  Src\i2c.o
HAL_I2C_IsDeviceReady                             Drivers\STM32F4xx_HAL_Driver\Src\stm32f4xx_hal_i2c.o
HAL_I2C_ListenCpltCallback                        Drivers\STM32F4xx_HAL_Driver\Src\stm32f4xx_hal_i2c.o
HAL_I2C_MasterRxCpltCallback                      Drivers\STM32F4xx_HAL_Driver\Src\stm32f4xx_hal_i2c.o
HAL_I2C_MasterTxCpltCallback                      Drivers\STM32F4xx_HAL_Driver\Src\stm32f4xx_hal_i2c.o
HAL_I2C_Master_Abort_IT                           Drivers\STM32F4xx_HAL_Driver\Src\stm32f4xx_hal_i2c.o
HAL_I2C_Master_Receive                            Drivers\STM32F4xx_HAL_Driver\Src\stm32f4xx_hal_i2c.o
HAL_I2C_Master_Receive_DMA                        Drivers\STM32F4xx_HAL_Driver\Src\stm32f4xx_hal_i2c.o
HAL_I2C_Master_Receive_IT                         Drivers\STM32F4xx_HAL_Driver\Src\stm32f4xx_hal_i2c.o
HAL_I2C_Master_Sequential_Receive_IT              Drivers\STM32F4xx_HAL_Driver\Src\stm32f4xx_hal_i2c.o
HAL_I2C_Master_Sequential_Transmit_IT             Drivers\STM32F4xx_HAL_Driver\Src\stm32f4xx_hal_i2c.o
HAL_I2C_Master_Transmit                           Drivers\STM32F4xx_HAL_Driver\Src\stm32f4xx_hal_i2c.o
                                                  Src\display.o
HAL_I2C_Master_Transmit_DMA                       Drivers\STM32F4xx_HAL_Driver\Src\stm32f4xx_hal_i2c.o
HAL_I2C_Master_Transmit_IT                        Drivers\STM32F4xx_HAL_Driver\Src\stm32f4xx_hal_i2c.o
HAL_I2C_MemRxCpltCallback                         Drivers\STM32F4xx_HAL_Driver\Src\stm32f4xx_hal_i2c.o
HAL_I2C_MemTxCpltCallback                         Drivers\STM32F4xx_HAL_Driver\Src\stm32f4xx_hal_i2c.o
HAL_I2C_Mem_Read                                  Drivers\STM32F4xx_HAL_Driver\Src\stm32f4xx_hal_i2c.o
HAL_I2C_Mem_Read_DMA                              Drivers\STM32F4xx_HAL_Driver\Src\stm32f4xx_hal_i2c.o
HAL_I2C_Mem_Read_IT                               Drivers\STM32F4xx_HAL_Driver\Src\stm32f4xx_hal_i2c.o
HAL_I2C_Mem_Write                                 Drivers\STM32F4xx_HAL_Driver\Src\stm32f4xx_hal_i2c.o
HAL_I2C_Mem_Write_DMA                             Drivers\STM32F4xx_HAL_Driver\Src\stm32f4xx_hal_i2c.o
HAL_I2C_Mem_Write_IT                              Drivers\STM32F4xx_HAL_Driver\Src\stm32f4xx_hal_i2c.o
HAL_I2C_MspDeInit                                 Src\i2c.o
                                                  Drivers\STM32F4xx_HAL_Driver\Src\stm32f4xx_hal_i2c.o
HAL_I2C_MspInit                                   Src\i2c.o
                                                  Drivers\STM32F4xx_HAL_Driver\Src\stm32f4xx_hal_i2c.o
HAL_I2C_SlaveRxCpltCallback                       Drivers\STM32F4xx_HAL_Driver\Src\stm32f4xx_hal_i2c.o
HAL_I2C_SlaveTxCpltCallback                       Drivers\STM32F4xx_HAL_Driver\Src\stm32f4xx_hal_i2c.o
HAL_I2C_Slave_Receive                             Drivers\STM32F4xx_HAL_Driver\Src\stm32f4xx_hal_i2c.o
HAL_I2C_Slave_Receive_DMA                         Drivers\STM32F4xx_HAL_Driver\Src\stm32f4xx_hal_i2c.o
HAL_I2C_Slave_Receive_IT                          Drivers\STM32F4xx_HAL_Driver\Src\stm32f4xx_hal_i2c.o
HAL_I2C_Slave_Sequential_Receive_IT               Drivers\STM32F4xx_HAL_Driver\Src\stm32f4xx_hal_i2c.o
HAL_I2C_Slave_Sequential_Transmit_IT              Drivers\STM32F4xx_HAL_Driver\Src\stm32f4xx_hal_i2c.o
HAL_I2C_Slave_Transmit                            Drivers\STM32F4xx_HAL_Driver\Src\stm32f4xx_hal_i2c.o
HAL_I2C_Slave_Transmit_DMA                        Drivers\STM32F4xx_HAL_Driver\Src\stm32f4xx_hal_i2c.o
HAL_I2C_Slave_Transmit_IT                         Drivers\STM32F4xx_HAL_Driver\Src\stm32f4xx_hal_i2c.o
HAL_IncTick                                       Drivers\STM32F4xx_HAL_Driver\Src\stm32f4xx_hal.o
                                                  Src\stm32f4xx_it.o
HAL_Init                                          Drivers\STM32F4xx_HAL_Driver\Src\stm32f4xx_hal.o
                                                  Src\main.o
HAL_InitTick                                      Drivers\STM32F4xx_HAL_Driver\Src\stm32f4xx_hal.o
                                                  Drivers\STM32F4xx_HAL_Driver\Src\stm32f4xx_hal_rcc.o
HAL_MPU_ConfigRegion                              Drivers\STM32F4xx_HAL_Driver\Src\stm32f4xx_hal_cortex.o
HAL_MspDeInit                                     Drivers\STM32F4xx_HAL_Driver\Src\stm32f4xx_hal.o
HAL_MspInit                                       Src\stm32f4xx_hal_msp.o
                                                  Drivers\STM32F4xx_HAL_Driver\Src\stm32f4xx_hal.o
HAL_NVIC_ClearPendingIRQ                          Drivers\STM32F4xx_HAL_Driver\Src\stm32f4xx_hal_cortex.o
HAL_NVIC_DisableIRQ                               Drivers\STM32F4xx_HAL_Driver\Src\stm32f4xx_hal_cortex.o
                                                  Src\tim.o
HAL_NVIC_EnableIRQ                                Drivers\STM32F4xx_HAL_Driver\Src\stm32f4xx_hal_cortex.o
                                                  Src\tim.o
HAL_NVIC_GetActive                                Drivers\STM32F4xx_HAL_Driver\Src\stm32f4xx_hal_cortex.o
HAL_NVIC_GetPendingIRQ                            Drivers\STM32F4xx_HAL_Driver\Src\stm32f4xx_hal_cortex.o
HAL_NVIC_GetPriority                              Drivers\STM32F4xx_HAL_Driver\Src\stm32f4xx_hal_cortex.o
HAL_NVIC_GetPriorityGrouping                      Drivers\STM32F4xx_HAL_Driver\Src\stm32f4xx_hal_cortex.o
HAL_NVIC_SetPendingIRQ                            Drivers\STM32F4xx_HAL_Driver\Src\stm32f4xx_hal_cortex.o
HAL_NVIC_SetPriority                              Drivers\STM32F4xx_HAL_Driver\Src\stm32f4xx_hal_cortex.o
                                                  Src\tim.o
                                                  Src\stm32f4xx_hal_msp.o
                                                  Src\main.o
                                                  Drivers\STM32F4xx_HAL_Driver\Src\stm32f4xx_hal.o
HAL_NVIC_SetPriorityGrouping                      Drivers\STM32F4xx_HAL_Driver\Src\stm32f4xx_hal_cortex.o
                                                  Src\stm32f4xx_hal_msp.o
                                                  Drivers\STM32F4xx_HAL_Driver\Src\stm32f4xx_hal.o
HAL_NVIC_SystemReset                              Drivers\STM32F4xx_HAL_Driver\Src\stm32f4xx_hal_cortex.o
HAL_PWREx_ControlVoltageScaling                   Drivers\STM32F4xx_HAL_Driver\Src\stm32f4xx_hal_pwr_ex.o
HAL_PWREx_DisableBkUpReg                          Drivers\STM32F4xx_HAL_Driver\Src\stm32f4xx_hal_pwr_ex.o
HAL_PWREx_DisableFlashPowerDown                   Drivers\STM32F4xx_HAL_Driver\Src\stm32f4xx_hal_pwr_ex.o
HAL_PWREx_DisableOverDrive                        Drivers\STM32F4xx_HAL_Driver\Src\stm32f4xx_hal_pwr_ex.o
HAL_PWREx_EnableBkUpReg                           Drivers\STM32F4xx_HAL_Driver\Src\stm32f4xx_hal_pwr_ex.o
HAL_PWREx_EnableFlashPowerDown                    Drivers\STM32F4xx_HAL_Driver\Src\stm32f4xx_hal_pwr_ex.o
HAL_PWREx_EnableOverDrive                         Drivers\STM32F4xx_HAL_Driver\Src\stm32f4xx_hal_pwr_ex.o
HAL_PWREx_EnterUnderDriveSTOPMode                 Drivers\STM32F4xx_HAL_Driver\Src\stm32f4xx_hal_pwr_ex.o
HAL_PWREx_GetVoltageRange                         Drivers\STM32F4xx_HAL_Driver\Src\stm32f4xx_hal_pwr_ex.o
HAL_PWR_ConfigPVD                                 Drivers\STM32F4xx_HAL_Driver\Src\stm32f4xx_hal_pwr.o
HAL_PWR_DeInit                                    Drivers\STM32F4xx_HAL_Driver\Src\stm32f4xx_hal_pwr.o
HAL_PWR_DisableBkUpAccess                         Drivers\STM32F4xx_HAL_Driver\Src\stm32f4xx_hal_pwr.o
HAL_PWR_DisablePVD                                Drivers\STM32F4xx_HAL_Driver\Src\stm32f4xx_hal_pwr.o
HAL_PWR_DisableSEVOnPend                          Drivers\STM32F4xx_HAL_Driver\Src\stm32f4xx_hal_pwr.o
HAL_PWR_DisableSleepOnExit                        Drivers\STM32F4xx_HAL_Driver\Src\stm32f4xx_hal_pwr.o
HAL_PWR_DisableWakeUpPin                          Drivers\STM32F4xx_HAL_Driver\Src\stm32f4xx_hal_pwr.o
HAL_PWR_EnableBkUpAccess                          Drivers\STM32F4xx_HAL_Driver\Src\stm32f4xx_hal_pwr.o
HAL_PWR_EnablePVD                                 Drivers\STM32F4xx_HAL_Driver\Src\stm32f4xx_hal_pwr.o
HAL_PWR_EnableSEVOnPend                           Drivers\STM32F4xx_HAL_Driver\Src\stm32f4xx_hal_pwr.o
HAL_PWR_EnableSleepOnExit                         Drivers\STM32F4xx_HAL_Driver\Src\stm32f4xx_hal_pwr.o